Jan  1 09:00:23 dreamcast syslogd 1.4.1#1: restart.
Jan  1 09:01:55 dreamcast syslogd 1.4.1#1: restart.
Jan  1 09:21:55 dreamcast -- MARK --
Jan  1 09:33:00 dreamcast exiting on signal 15
Jan  1 09:00:25 dreamcast syslogd 1.4.1#1: restart.
Apr  9 04:45:25 dreamcast -- MARK --
Apr  9 05:05:25 dreamcast -- MARK --
Apr  9 05:25:25 dreamcast -- MARK --
Apr  9 05:33:33 dreamcast exiting on signal 15
Jan  1 09:00:28 dreamcast syslogd 1.4.1#1: restart.
Jan  1 09:01:00 dreamcast syslogd 1.4.1#1: restart.
Jan  1 09:00:30 dreamcast syslogd 1.4.1#1: restart.
Jan  1 09:00:39 dreamcast syslogd 1.4.1#1: restart.
Jan  1 09:20:39 dreamcast -- MARK --
Jan  1 09:40:39 dreamcast -- MARK --
Jan  1 10:00:39 dreamcast -- MARK --
Jan  1 10:20:39 dreamcast -- MARK --
Jan  1 10:40:39 dreamcast -- MARK --
Jan  1 11:00:39 dreamcast -- MARK --
Jan  1 11:20:39 dreamcast -- MARK --
Jan  1 09:00:57 dreamcast syslogd 1.4.1#1: restart.
Jan  1 09:00:32 dreamcast syslogd 1.4.1#1: restart.
Jan  1 09:20:32 dreamcast -- MARK --
Jan  1 09:40:32 dreamcast -- MARK --
Jan  1 10:00:32 dreamcast -- MARK --
Jan  1 09:00:32 dreamcast syslogd 1.4.1#1: restart.
Jan  1 09:00:33 dreamcast syslogd 1.4.1#1: restart.
Jan  1 09:00:33 dreamcast syslogd 1.4.1#1: restart.
Jan  1 09:00:32 dreamcast syslogd 1.4.1#1: restart.
Jan  1 09:20:32 dreamcast -- MARK --
Jan  1 09:40:32 dreamcast -- MARK --
Jan  1 09:00:33 dreamcast syslogd 1.4.1#1: restart.
Jan  1 09:20:33 dreamcast -- MARK --
Jan  1 09:40:33 dreamcast -- MARK --
Jan  1 10:00:33 dreamcast -- MARK --
Jan  1 10:20:33 dreamcast -- MARK --
Jan  1 10:40:33 dreamcast -- MARK --
Jan  1 11:00:33 dreamcast -- MARK --
Jan  1 11:20:33 dreamcast -- MARK --
Jan  1 11:40:33 dreamcast -- MARK --
Jan  1 12:00:33 dreamcast -- MARK --
Jan  1 12:20:33 dreamcast -- MARK --
Jan  1 12:40:33 dreamcast -- MARK --
Jan  1 13:00:33 dreamcast -- MARK --
Jan  1 13:20:33 dreamcast -- MARK --
Jan  1 13:40:33 dreamcast -- MARK --
Jan  1 14:00:33 dreamcast -- MARK --
Jan  1 14:20:33 dreamcast -- MARK --
Jan  1 14:40:33 dreamcast -- MARK --
Jan  1 15:00:33 dreamcast -- MARK --
Jan  1 15:20:33 dreamcast -- MARK --
Jan  1 15:40:33 dreamcast -- MARK --
Jan  1 16:00:33 dreamcast -- MARK --
Jan  1 16:20:33 dreamcast -- MARK --
Jan  1 16:40:33 dreamcast -- MARK --
Jan  1 17:00:33 dreamcast -- MARK --
Jan  1 17:20:33 dreamcast -- MARK --
Jan  1 17:40:33 dreamcast -- MARK --
Jan  1 18:00:33 dreamcast -- MARK --
Jan  1 18:20:33 dreamcast -- MARK --
Jan  1 18:40:33 dreamcast -- MARK --
Jan  1 19:00:33 dreamcast -- MARK --
Jan  1 19:20:33 dreamcast -- MARK --
Jan  1 19:40:33 dreamcast -- MARK --
Jan  1 20:00:33 dreamcast -- MARK --
Jan  1 20:20:33 dreamcast -- MARK --
Jan  1 20:40:33 dreamcast -- MARK --
Jan  1 21:00:33 dreamcast -- MARK --
Jan  1 21:20:33 dreamcast -- MARK --
Jan  1 21:40:33 dreamcast -- MARK --
Jan  1 22:00:33 dreamcast -- MARK --
Jan  1 22:20:33 dreamcast -- MARK --
Jan  1 22:40:33 dreamcast -- MARK --
Jan  1 23:00:33 dreamcast -- MARK --
Jan  1 23:20:33 dreamcast -- MARK --
Jan  1 23:40:33 dreamcast -- MARK --
Jan  2 00:00:33 dreamcast -- MARK --
Jan  2 00:20:33 dreamcast -- MARK --
Jan  2 00:40:33 dreamcast -- MARK --
Jan  2 01:00:33 dreamcast -- MARK --
Jan  2 01:20:33 dreamcast -- MARK --
Jan  2 01:40:33 dreamcast -- MARK --
Jan  2 02:00:33 dreamcast -- MARK --
Jan  1 09:00:35 dreamcast syslogd 1.4.1#1: restart.
Jan  1 09:20:35 dreamcast -- MARK --
Jan  1 09:40:35 dreamcast -- MARK --
Jan  1 09:00:34 dreamcast syslogd 1.4.1#1: restart.
Jan  1 09:20:34 dreamcast -- MARK --
Jan  1 09:40:34 dreamcast -- MARK --
Jan  1 10:00:34 dreamcast -- MARK --
Jan  1 10:20:34 dreamcast -- MARK --
Jan  1 10:40:34 dreamcast -- MARK --
Jan  1 11:00:34 dreamcast -- MARK --
Jan  1 11:20:34 dreamcast -- MARK --
Jan  1 11:40:34 dreamcast -- MARK --
Jan  1 12:00:34 dreamcast -- MARK --
Jan  1 12:20:34 dreamcast -- MARK --
Jan  1 12:40:34 dreamcast -- MARK --
Jan  1 13:00:34 dreamcast -- MARK --
Jan  1 13:20:34 dreamcast -- MARK --
Jan  1 13:40:34 dreamcast -- MARK --
Jan  1 14:00:34 dreamcast -- MARK --
Jan  1 14:20:34 dreamcast -- MARK --
Jan  1 14:40:34 dreamcast -- MARK --
Jan  1 15:00:34 dreamcast -- MARK --
Jan  1 15:20:34 dreamcast -- MARK --
Jan  1 15:40:34 dreamcast -- MARK --
Jan  1 16:00:34 dreamcast -- MARK --
Jan  1 16:20:34 dreamcast -- MARK --
Jan  1 16:40:34 dreamcast -- MARK --
Jan  1 17:00:34 dreamcast -- MARK --
Jan  1 17:20:34 dreamcast -- MARK --
Jan  1 17:40:34 dreamcast -- MARK --
Jan  1 18:00:34 dreamcast -- MARK --
Jan  1 18:20:34 dreamcast -- MARK --
Jan  1 18:40:34 dreamcast -- MARK --
Jan  1 19:00:34 dreamcast -- MARK --
Jan  1 19:20:34 dreamcast -- MARK --
Jan  1 19:40:34 dreamcast -- MARK --
Jan  1 20:00:34 dreamcast -- MARK --
Jan  1 09:00:34 dreamcast syslogd 1.4.1#1: restart.
Jan  1 09:00:36 dreamcast syslogd 1.4.1#1: restart.
Jan  1 09:20:36 dreamcast -- MARK --
Jan  1 09:40:36 dreamcast -- MARK --
Jan  1 10:00:36 dreamcast -- MARK --
Jan  1 10:20:36 dreamcast -- MARK --
Jan  1 10:40:36 dreamcast -- MARK --
Jan  1 11:00:36 dreamcast -- MARK --
Jan  1 09:00:36 dreamcast syslogd 1.4.1#1: restart.
Jan  1 09:00:35 dreamcast syslogd 1.4.1#1: restart.
Jan  1 09:00:37 dreamcast syslogd 1.4.1#1: restart.
Jan  1 09:00:35 dreamcast syslogd 1.4.1#1: restart.
Jan  1 09:20:35 dreamcast -- MARK --
Jan  1 09:40:35 dreamcast -- MARK --
Jan  1 09:00:36 dreamcast syslogd 1.4.1#1: restart.
Jan  1 09:00:35 dreamcast syslogd 1.4.1#1: restart.
Jan  1 09:00:35 dreamcast syslogd 1.4.1#1: restart.
Jan  1 09:00:35 dreamcast syslogd 1.4.1#1: restart.
Jan  1 09:00:35 dreamcast syslogd 1.4.1#1: restart.
Jan  1 09:00:35 dreamcast syslogd 1.4.1#1: restart.
Jan  1 09:00:35 dreamcast syslogd 1.4.1#1: restart.
Jan  1 09:20:34 dreamcast -- MARK --
Jan  1 09:00:37 dreamcast syslogd 1.4.1#1: restart.
Jan  1 09:20:37 dreamcast -- MARK --
Jan  1 09:40:37 dreamcast -- MARK --
Jan  1 10:00:37 dreamcast -- MARK --
Jan  1 10:20:37 dreamcast -- MARK --
Jan  1 10:40:37 dreamcast -- MARK --
Jan  1 11:00:37 dreamcast -- MARK --
Jan  1 11:20:37 dreamcast -- MARK --
Jan  1 11:40:37 dreamcast -- MARK --
Jan  1 12:00:37 dreamcast -- MARK --
Jan  1 12:20:37 dreamcast -- MARK --
Jan  1 12:40:37 dreamcast -- MARK --
Jan  1 13:00:37 dreamcast -- MARK --
Jan  1 13:20:37 dreamcast -- MARK --
Jan  1 13:40:37 dreamcast -- MARK --
Jan  1 14:00:37 dreamcast -- MARK --
Jan  1 14:20:37 dreamcast -- MARK --
Jan  1 14:40:37 dreamcast -- MARK --
Jan  1 15:00:37 dreamcast -- MARK --
Jan  1 15:20:37 dreamcast -- MARK --
Jan  1 15:40:37 dreamcast -- MARK --
Jan  1 16:00:37 dreamcast -- MARK --
Jan  1 16:20:37 dreamcast -- MARK --
Jan  1 16:40:37 dreamcast -- MARK --
Jan  1 17:00:37 dreamcast -- MARK --
Jan  1 17:20:37 dreamcast -- MARK --
Jan  1 17:40:37 dreamcast -- MARK --
Jan  1 18:00:37 dreamcast -- MARK --
Jan  1 18:20:37 dreamcast -- MARK --
Jan  1 18:40:37 dreamcast -- MARK --
Jan  1 19:00:37 dreamcast -- MARK --
Jan  1 19:20:37 dreamcast -- MARK --
Jan  1 19:40:37 dreamcast -- MARK --
Jan  1 20:00:37 dreamcast -- MARK --
Jan  1 20:20:37 dreamcast -- MARK --
Jan  1 20:40:37 dreamcast -- MARK --
Jan  1 21:00:37 dreamcast -- MARK --
Jan  1 21:20:37 dreamcast -- MARK --
Jan  1 21:40:37 dreamcast -- MARK --
Jan  1 22:00:37 dreamcast -- MARK --
Jan  1 22:20:37 dreamcast -- MARK --
Jan  1 22:40:37 dreamcast -- MARK --
Jan  1 23:00:37 dreamcast -- MARK --
Jan  1 09:00:37 dreamcast syslogd 1.4.1#1: restart.
Jan  1 09:00:35 dreamcast syslogd 1.4.1#1: restart.
Jan  1 09:00:37 dreamcast syslogd 1.4.1#1: restart.
Jan  1 09:00:36 dreamcast syslogd 1.4.1#1: restart.
Jan  1 09:00:36 dreamcast syslogd 1.4.1#1: restart.
Jan  1 09:20:36 dreamcast -- MARK --
Jan  1 09:40:36 dreamcast -- MARK --
Jan  1 10:00:36 dreamcast -- MARK --
Jan  1 09:00:35 dreamcast syslogd 1.4.1#1: restart.
Jan  1 09:20:35 dreamcast -- MARK --
Jan  1 09:00:36 dreamcast syslogd 1.4.1#1: restart.
Jan  1 09:00:37 dreamcast syslogd 1.4.1#1: restart.
Jan  1 09:00:34 dreamcast syslogd 1.4.1#1: restart.
Jan  1 09:00:37 dreamcast syslogd 1.4.1#1: restart.
Jan  1 09:00:36 dreamcast syslogd 1.4.1#1: restart.
Jan  1 09:20:36 dreamcast -- MARK --
Jan  1 09:40:36 dreamcast -- MARK --
Jan  1 10:00:36 dreamcast -- MARK --
Jan  1 10:20:36 dreamcast -- MARK --
Jan  1 10:40:36 dreamcast -- MARK --
Jan  1 11:00:36 dreamcast -- MARK --
Jan  1 09:00:34 dreamcast syslogd 1.4.1#1: restart.
Jan  1 09:00:35 dreamcast syslogd 1.4.1#1: restart.
Jan  1 09:00:35 dreamcast syslogd 1.4.1#1: restart.
Jan  1 09:00:35 dreamcast syslogd 1.4.1#1: restart.
Jan  1 09:00:35 dreamcast syslogd 1.4.1#1: restart.
Jan  1 09:00:35 dreamcast syslogd 1.4.1#1: restart.
Jan  1 09:00:36 dreamcast syslogd 1.4.1#1: restart.
Jan  1 09:00:35 dreamcast syslogd 1.4.1#1: restart.
Jan  1 09:00:35 dreamcast syslogd 1.4.1#1: restart.
Jan  1 09:00:35 dreamcast syslogd 1.4.1#1: restart.
Jan  1 09:00:36 dreamcast syslogd 1.4.1#1: restart.
Jan  1 09:00:35 dreamcast syslogd 1.4.1#1: restart.
Jan  1 09:00:36 dreamcast syslogd 1.4.1#1: restart.
Jan  1 09:00:35 dreamcast syslogd 1.4.1#1: restart.
Jan  1 09:00:35 dreamcast syslogd 1.4.1#1: restart.
Jan  1 09:00:36 dreamcast syslogd 1.4.1#1: restart.
Jan  1 09:00:34 dreamcast syslogd 1.4.1#1: restart.
Jan  1 09:00:34 dreamcast syslogd 1.4.1#1: restart.
Jan  1 09:20:34 dreamcast -- MARK --
Jan  1 09:00:36 dreamcast syslogd 1.4.1#1: restart.
Jan  1 09:00:35 dreamcast syslogd 1.4.1#1: restart.
Jan  1 09:00:34 dreamcast syslogd 1.4.1#1: restart.
Jan  1 09:00:34 dreamcast syslogd 1.4.1#1: restart.
Jan  1 09:00:34 dreamcast syslogd 1.4.1#1: restart.
Jan  1 09:00:34 dreamcast syslogd 1.4.1#1: restart.
Jan  1 09:00:34 dreamcast syslogd 1.4.1#1: restart.
Jan  1 09:00:35 dreamcast syslogd 1.4.1#1: restart.
Jan  1 09:00:34 dreamcast syslogd 1.4.1#1: restart.
Jan  1 09:00:35 dreamcast syslogd 1.4.1#1: restart.
Jan  1 09:00:35 dreamcast syslogd 1.4.1#1: restart.
Jan  1 09:20:35 dreamcast -- MARK --
Jan  1 09:00:34 dreamcast syslogd 1.4.1#1: restart.
Jan  1 09:00:34 dreamcast syslogd 1.4.1#1: restart.
Jan  1 09:20:34 dreamcast -- MARK --
Jan  1 09:40:34 dreamcast -- MARK --
Jan  1 10:00:34 dreamcast -- MARK --
Jan  1 09:00:35 dreamcast syslogd 1.4.1#1: restart.
Jan  1 09:00:34 dreamcast syslogd 1.4.1#1: restart.
May 21 05:30:31 dreamcast -- MARK --
May 21 05:50:31 dreamcast -- MARK --
May 21 06:10:31 dreamcast -- MARK --
May 21 06:30:25 dreamcast syslogd 1.4.1#1: restart.
May 21 06:50:31 dreamcast -- MARK --
May 21 07:10:31 dreamcast -- MARK --
May 21 07:30:31 dreamcast -- MARK --
May 21 07:50:31 dreamcast -- MARK --
May 21 08:10:31 dreamcast -- MARK --
May 21 08:13:37 dreamcast exiting on signal 15
May 21 08:21:34 dreamcast syslogd 1.4.1#2: restart.
May 21 08:21:37 dreamcast kernel: klogd 1.4.1#2, log source = /proc/kmsg started.
May 21 08:21:38 dreamcast kernel: Cannot find map file.
May 21 08:21:38 dreamcast kernel: No module symbols loaded.
May 21 08:21:38 dreamcast kernel: Linux version 2.4.5-pre2 (yaegashi@aragorn) (gcc version 3.1 20010501 (experimental)) #87 2001年 5月 21日 月曜日 01:00:46 JST
May 21 08:21:38 dreamcast kernel: SEGA Dreamcast support.
May 21 08:21:38 dreamcast kernel: On node 0 totalpages: 4096
May 21 08:21:38 dreamcast kernel: zone(0): 4096 pages.
May 21 08:21:38 dreamcast kernel: zone(1): 0 pages.
May 21 08:21:38 dreamcast kernel: zone(2): 0 pages.
May 21 08:21:38 dreamcast kernel: Kernel command line: mem=16M console=ttySC1,115200 ip=on nfsroot=192.168.0.254:/home/superh/root/base-sh3
May 21 08:21:38 dreamcast kernel: CPU clock: 200.00MHz
May 21 08:21:38 dreamcast kernel: Bus clock: 100.00MHz
May 21 08:21:38 dreamcast kernel: Module clock: 50.00MHz
May 21 08:21:38 dreamcast kernel: Interval = 125000
May 21 08:21:38 dreamcast kernel: Console: colour dummy device 80x25
May 21 08:21:38 dreamcast kernel: Calibrating delay loop... 199.47 BogoMIPS
May 21 08:21:38 dreamcast kernel: Memory: 14548k/16384k available (1137k kernel code, 1836k reserved, 60k data, 184k init)
May 21 08:21:38 dreamcast kernel: Dentry-cache hash table entries: 2048 (order: 2, 16384 bytes)
May 21 08:21:38 dreamcast kernel: Buffer-cache hash table entries: 1024 (order: 0, 4096 bytes)
May 21 08:21:38 dreamcast kernel: Page-cache hash table entries: 4096 (order: 2, 16384 bytes)
May 21 08:21:38 dreamcast kernel: Inode-cache hash table entries: 1024 (order: 1, 8192 bytes)
May 21 08:21:38 dreamcast kernel: CPU: SH7750/SH7751
May 21 08:21:38 dreamcast kernel: POSIX conformance testing by UNIFIX
May 21 08:21:38 dreamcast kernel: PCI: MMIO fixup to Sega Corporation Broadband Adapter
May 21 08:21:38 dreamcast kernel: Linux NET4.0 for Linux 2.4
May 21 08:21:38 dreamcast kernel: Based upon Swansea University Computer Society NET3.039
May 21 08:21:38 dreamcast kernel: Starting kswapd v1.8
May 21 08:21:38 dreamcast kernel: Dreamcast video cable detected: VGA.
May 21 08:21:38 dreamcast kernel: Console: switching to colour frame buffer device 80x30
May 21 08:21:38 dreamcast kernel: fb0: SEGA Dreamcast frame buffer device
May 21 08:21:38 dreamcast kernel: block: queued sectors max/low 9562kB/3187kB, 64 slots per queue
May 21 08:21:38 dreamcast kernel: RAMDISK driver initialized: 16 RAM disks of 4096K size 1024 blocksize
May 21 08:21:38 dreamcast kernel: loop: loaded (max 8 devices)
May 21 08:21:38 dreamcast kernel: SuperH SCI(F) driver initialized
May 21 08:21:38 dreamcast kernel: ttySC0 at 0xffe00000 is a SCI
May 21 08:21:38 dreamcast kernel: ttySC1 at 0xffe80000 is a SCIF
May 21 08:21:38 dreamcast kernel: Real Time Clock Driver v1.10d
May 21 08:21:38 dreamcast kernel: 8139too Fast Ethernet driver 0.9.17
May 21 08:21:38 dreamcast kernel: PCI: enabling device 00:00.0 (0006 -> 0007)
May 21 08:21:38 dreamcast kernel: eth0: SEGA Broadband Adapter at 0xa1001700, 00:d0:f1:02:3a:6f, IRQ 11
May 21 08:21:38 dreamcast kernel: mice: PS/2 mouse device common for all mice
May 21 08:21:38 dreamcast kernel: GDROM: Dreamcast GD-ROM Drive found.
May 21 08:21:38 dreamcast kernel: SEGA Dreamcast MAPLE Bus drivers
May 21 08:21:38 dreamcast kernel: maple: registered driver: Dummy (function 0x0)
May 21 08:21:38 dreamcast kernel: maple: registered driver: Dreamcast keyboard (function 0x40)
May 21 08:21:38 dreamcast kernel: maple: registered driver: Dreamcast mouse (function 0x200)
May 21 08:21:38 dreamcast kernel: maple: registered driver: Dreamcast controller (function 0x1)
May 21 08:21:38 dreamcast kernel: NET4: Linux TCP/IP 1.0 for NET4.0
May 21 08:21:38 dreamcast kernel: IP Protocols: ICMP, UDP, TCP
May 21 08:21:38 dreamcast kernel: IP: routing cache hash table of 512 buckets, 4Kbytes
May 21 08:21:38 dreamcast kernel: TCP: Hash tables configured (established 1024 bind 2048)
May 21 08:21:38 dreamcast kernel: pci_alloc_consistent: 6144 bytes at 0x01840000
May 21 08:21:38 dreamcast kernel: pci_alloc_consistent: 18448 bytes at 0x01842000
May 21 08:21:38 dreamcast kernel: eth0: Setting 100mbps full-duplex based on auto-negotiated partner ability 45e1.
May 21 08:21:38 dreamcast kernel: maple(0,0): Connected(function 0x40)
May 21 08:21:38 dreamcast kernel: keybdev.c: Adding keyboard: input0
May 21 08:21:38 dreamcast kernel: input0: keyboard(0x1020080): Keyboard
May 21 08:21:38 dreamcast kernel: maple(1,0): Connected(function 0x200)
May 21 08:21:38 dreamcast kernel: mouse0: PS/2 mouse device for input1
May 21 08:21:38 dreamcast kernel: input1: mouse(0xe0700): Dreamcast Mouse
May 21 08:21:38 dreamcast kernel: maple(3,0): Connected(function 0x1)
May 21 08:21:38 dreamcast kernel: input2: controller(0x700fe): Racing Controller
May 21 08:21:38 dreamcast kernel: Sending DHCP requests ., OK
May 21 08:21:38 dreamcast kernel: IP-Config: Got DHCP answer from 192.168.0.254, my address is 192.168.0.248
May 21 08:21:38 dreamcast kernel: IP-Config: Complete:
May 21 08:21:38 dreamcast kernel:       device=eth0, addr=192.168.0.248, mask=255.255.255.0, gw=192.168.0.254,
May 21 08:21:38 dreamcast kernel:      host=192.168.0.248, domain=ta.keshi.org, nis-domain=(none),
May 21 08:21:38 dreamcast kernel:      bootserver=192.168.0.254, rootserver=192.168.0.254, rootpath=
May 21 08:21:38 dreamcast kernel: NET4: Unix domain sockets 1.0/SMP for Linux NET4.0.
May 21 08:21:38 dreamcast kernel: Looking up port of RPC 100003/2 on 192.168.0.254
May 21 08:21:38 dreamcast kernel: Looking up port of RPC 100005/2 on 192.168.0.254
May 21 08:21:38 dreamcast kernel: VFS: Mounted root (nfs filesystem).
May 21 08:21:38 dreamcast kernel: Freeing unused kernel memory: 184k freed
May 21 08:21:38 dreamcast kernel: eth0: Too much work at interrupt, IntrStatus=0x0040.
May 21 08:21:38 dreamcast kernel: eth0: Too much work at interrupt, IntrStatus=0x0040.
May 21 08:21:38 dreamcast kernel: eth0: Too much work at interrupt, IntrStatus=0x0010.
May 21 08:21:38 dreamcast kernel: eth0: Too much work at interrupt, IntrStatus=0x0010.
May 21 08:21:38 dreamcast kernel: eth0: Too much work at interrupt, IntrStatus=0x0040.
May 21 08:21:38 dreamcast kernel: eth0: Too much work at interrupt, IntrStatus=0x0040.
May 21 08:21:38 dreamcast kernel: eth0: Too much work at interrupt, IntrStatus=0x0010.
May 21 08:21:39 dreamcast kernel: eth0: Too much work at interrupt, IntrStatus=0x0040.
May 21 08:21:39 dreamcast last message repeated 4 times
May 21 08:41:33 dreamcast -- MARK --
May 21 09:01:36 dreamcast -- MARK --
May 21 09:21:36 dreamcast -- MARK --
May 21 09:41:36 dreamcast -- MARK --
May 21 10:01:36 dreamcast -- MARK --
May 21 10:21:36 dreamcast -- MARK --
May 21 10:41:36 dreamcast -- MARK --
May 21 11:01:36 dreamcast -- MARK --
May 21 11:21:36 dreamcast -- MARK --
May 21 11:41:36 dreamcast -- MARK --
May 21 12:01:36 dreamcast -- MARK --
May 21 12:21:36 dreamcast -- MARK --
May 21 12:41:36 dreamcast -- MARK --
May 21 13:01:36 dreamcast -- MARK --
May 21 13:21:36 dreamcast -- MARK --
May 21 13:41:36 dreamcast -- MARK --
May 21 14:01:36 dreamcast -- MARK --
May 21 14:21:36 dreamcast -- MARK --
May 21 14:41:36 dreamcast -- MARK --
May 21 15:01:36 dreamcast -- MARK --
May 21 15:21:36 dreamcast -- MARK --
May 21 15:41:36 dreamcast -- MARK --
May 21 16:01:36 dreamcast -- MARK --
May 21 16:21:36 dreamcast -- MARK --
May 21 16:41:36 dreamcast -- MARK --
May 21 17:01:36 dreamcast -- MARK --
May 21 17:21:36 dreamcast -- MARK --
May 21 17:41:36 dreamcast -- MARK --
May 21 18:01:36 dreamcast -- MARK --
May 21 18:21:36 dreamcast -- MARK --
May 21 18:41:36 dreamcast -- MARK --
May 21 19:01:36 dreamcast -- MARK --
May 21 19:21:36 dreamcast -- MARK --
May 21 19:41:36 dreamcast -- MARK --
May 21 20:01:36 dreamcast -- MARK --
May 21 20:21:36 dreamcast -- MARK --
May 21 20:41:36 dreamcast -- MARK --
May 21 21:01:36 dreamcast -- MARK --
May 21 21:21:36 dreamcast -- MARK --
May 21 21:41:36 dreamcast -- MARK --
May 21 22:01:36 dreamcast -- MARK --
May 21 22:21:36 dreamcast -- MARK --
May 21 22:41:36 dreamcast -- MARK --
May 21 23:01:36 dreamcast -- MARK --
May 21 23:21:36 dreamcast -- MARK --
May 21 23:41:36 dreamcast -- MARK --
May 22 00:01:36 dreamcast -- MARK --
May 22 00:21:36 dreamcast -- MARK --
May 22 00:41:36 dreamcast -- MARK --
May 22 01:01:36 dreamcast -- MARK --
May 22 01:21:36 dreamcast -- MARK --
May 22 01:41:36 dreamcast -- MARK --
May 22 02:01:36 dreamcast -- MARK --
May 22 02:21:36 dreamcast -- MARK --
May 22 02:41:36 dreamcast -- MARK --
May 22 03:01:36 dreamcast -- MARK --
May 22 03:21:36 dreamcast -- MARK --
May 22 03:41:36 dreamcast -- MARK --
May 22 04:01:36 dreamcast -- MARK --
May 22 04:21:36 dreamcast -- MARK --
May 22 04:41:36 dreamcast -- MARK --
May 22 05:01:36 dreamcast -- MARK --
May 22 05:21:36 dreamcast -- MARK --
May 22 05:41:36 dreamcast -- MARK --
May 22 06:01:36 dreamcast -- MARK --
May 22 06:21:36 dreamcast -- MARK --
May 22 06:41:36 dreamcast -- MARK --
May 22 07:01:36 dreamcast -- MARK --
May 22 07:21:36 dreamcast -- MARK --
May 22 07:41:36 dreamcast -- MARK --
May 22 08:01:36 dreamcast -- MARK --
May 22 08:21:36 dreamcast -- MARK --
May 22 08:41:36 dreamcast -- MARK --
May 22 09:01:36 dreamcast -- MARK --
May 22 09:21:36 dreamcast -- MARK --
May 22 09:41:36 dreamcast -- MARK --
May 22 10:01:36 dreamcast -- MARK --
May 22 10:21:36 dreamcast -- MARK --
May 22 10:41:36 dreamcast -- MARK --
May 22 11:01:36 dreamcast -- MARK --
May 22 11:21:36 dreamcast -- MARK --
May 22 11:41:36 dreamcast -- MARK --
May 22 12:01:36 dreamcast -- MARK --
May 22 12:21:36 dreamcast -- MARK --
May 22 12:41:36 dreamcast -- MARK --
May 22 13:01:36 dreamcast -- MARK --
May 22 13:21:36 dreamcast -- MARK --
May 22 13:41:36 dreamcast -- MARK --
May 22 14:01:36 dreamcast -- MARK --
May 22 14:21:36 dreamcast -- MARK --
May 22 14:41:36 dreamcast -- MARK --
May 22 15:01:36 dreamcast -- MARK --
May 22 15:21:36 dreamcast -- MARK --
May 22 15:41:36 dreamcast -- MARK --
May 22 16:01:36 dreamcast -- MARK --
May 22 16:21:36 dreamcast -- MARK --
May 22 16:41:36 dreamcast -- MARK --
May 22 17:01:36 dreamcast -- MARK --
May 22 17:21:36 dreamcast -- MARK --
May 22 17:41:36 dreamcast -- MARK --
May 22 18:01:36 dreamcast -- MARK --
May 22 18:21:36 dreamcast -- MARK --
May 22 18:41:36 dreamcast -- MARK --
May 22 19:01:36 dreamcast -- MARK --
May 22 19:21:36 dreamcast -- MARK --
May 22 19:41:36 dreamcast -- MARK --
May 22 20:01:36 dreamcast -- MARK --
May 22 20:21:36 dreamcast -- MARK --
May 22 20:41:36 dreamcast -- MARK --
May 22 21:01:36 dreamcast -- MARK --
May 22 21:21:36 dreamcast -- MARK --
May 22 21:41:36 dreamcast -- MARK --
May 22 22:01:36 dreamcast -- MARK --
May 22 22:21:36 dreamcast -- MARK --
May 22 22:41:36 dreamcast -- MARK --
May 22 23:01:36 dreamcast -- MARK --
May 22 23:21:36 dreamcast -- MARK --
May 22 23:41:36 dreamcast -- MARK --
May 23 00:01:36 dreamcast -- MARK --
May 23 00:21:36 dreamcast -- MARK --
May 23 00:41:36 dreamcast -- MARK --
May 23 01:01:36 dreamcast -- MARK --
May 23 01:21:36 dreamcast -- MARK --
May 23 01:41:36 dreamcast -- MARK --
May 23 02:01:36 dreamcast -- MARK --
May 23 02:21:36 dreamcast -- MARK --
May 23 02:41:36 dreamcast -- MARK --
May 23 03:01:36 dreamcast -- MARK --
May 23 03:21:36 dreamcast -- MARK --
May 23 03:41:36 dreamcast -- MARK --
May 23 04:01:36 dreamcast -- MARK --
May 23 04:21:36 dreamcast -- MARK --
May 23 04:41:36 dreamcast -- MARK --
May 23 05:01:36 dreamcast -- MARK --
May 23 05:21:36 dreamcast -- MARK --
May 23 05:41:36 dreamcast -- MARK --
May 23 06:01:36 dreamcast -- MARK --
May 23 06:21:36 dreamcast -- MARK --
May 23 06:41:36 dreamcast -- MARK --
May 23 07:01:36 dreamcast -- MARK --
May 23 07:21:36 dreamcast -- MARK --
May 23 07:41:36 dreamcast -- MARK --
May 23 08:01:36 dreamcast -- MARK --
May 23 08:21:36 dreamcast -- MARK --
May 23 08:41:36 dreamcast -- MARK --
May 23 09:01:36 dreamcast -- MARK --
May 23 09:21:36 dreamcast -- MARK --
May 23 09:41:36 dreamcast -- MARK --
May 23 10:01:36 dreamcast -- MARK --
May 23 10:21:36 dreamcast -- MARK --
May 23 10:41:36 dreamcast -- MARK --
May 23 11:01:36 dreamcast -- MARK --
May 23 11:21:36 dreamcast -- MARK --
May 23 11:41:36 dreamcast -- MARK --
May 23 12:01:36 dreamcast -- MARK --
May 23 12:21:36 dreamcast -- MARK --
May 23 12:41:36 dreamcast -- MARK --
May 23 13:01:36 dreamcast -- MARK --
May 23 13:21:36 dreamcast -- MARK --
May 23 13:41:36 dreamcast -- MARK --
May 23 14:01:36 dreamcast -- MARK --
May 23 14:21:36 dreamcast -- MARK --
May 23 14:41:36 dreamcast -- MARK --
May 23 15:01:36 dreamcast -- MARK --
May 23 15:21:36 dreamcast -- MARK --
May 23 15:41:36 dreamcast -- MARK --
May 23 16:01:36 dreamcast -- MARK --
May 23 16:21:36 dreamcast -- MARK --
May 23 16:41:36 dreamcast -- MARK --
May 23 17:01:36 dreamcast -- MARK --
May 23 17:21:36 dreamcast -- MARK --
May 23 17:41:36 dreamcast -- MARK --
May 23 18:01:36 dreamcast -- MARK --
May 23 18:21:36 dreamcast -- MARK --
May 23 18:41:36 dreamcast -- MARK --
May 23 19:01:36 dreamcast -- MARK --
May 23 19:21:36 dreamcast -- MARK --
May 23 19:41:36 dreamcast -- MARK --
May 23 20:01:36 dreamcast -- MARK --
May 23 20:21:36 dreamcast -- MARK --
May 23 20:41:36 dreamcast -- MARK --
May 23 21:01:36 dreamcast -- MARK --
May 23 21:21:36 dreamcast -- MARK --
May 23 21:41:36 dreamcast -- MARK --
May 23 22:01:36 dreamcast -- MARK --
May 23 22:21:36 dreamcast -- MARK --
May 23 22:41:36 dreamcast -- MARK --
May 23 23:01:36 dreamcast -- MARK --
May 23 23:21:36 dreamcast -- MARK --
May 23 23:41:36 dreamcast -- MARK --
May 24 00:01:36 dreamcast -- MARK --
May 24 00:21:36 dreamcast -- MARK --
May 24 00:41:36 dreamcast -- MARK --
May 24 01:01:36 dreamcast -- MARK --
May 24 01:21:36 dreamcast -- MARK --
May 24 01:41:36 dreamcast -- MARK --
May 24 02:01:36 dreamcast -- MARK --
May 24 02:21:36 dreamcast -- MARK --
May 24 02:41:36 dreamcast -- MARK --
May 24 03:01:36 dreamcast -- MARK --
May 24 03:21:36 dreamcast -- MARK --
May 24 03:41:36 dreamcast -- MARK --
May 24 04:01:36 dreamcast -- MARK --
May 24 04:21:36 dreamcast -- MARK --
May 24 04:41:36 dreamcast -- MARK --
May 24 05:01:36 dreamcast -- MARK --
May 24 05:21:36 dreamcast -- MARK --
May 24 05:41:36 dreamcast -- MARK --
May 24 06:01:36 dreamcast -- MARK --
May 24 06:21:36 dreamcast -- MARK --
May 24 06:41:36 dreamcast -- MARK --
May 24 07:01:36 dreamcast -- MARK --
May 24 07:21:36 dreamcast -- MARK --
May 24 07:41:36 dreamcast -- MARK --
May 24 08:01:36 dreamcast -- MARK --
May 24 08:21:36 dreamcast -- MARK --
May 24 08:41:36 dreamcast -- MARK --
May 24 09:01:36 dreamcast -- MARK --
May 24 09:21:36 dreamcast -- MARK --
May 24 09:41:36 dreamcast -- MARK --
May 24 10:01:36 dreamcast -- MARK --
May 24 10:21:36 dreamcast -- MARK --
May 24 10:41:36 dreamcast -- MARK --
May 24 11:01:36 dreamcast -- MARK --
May 24 11:21:36 dreamcast -- MARK --
May 24 11:41:36 dreamcast -- MARK --
May 24 12:01:36 dreamcast -- MARK --
May 24 12:21:36 dreamcast -- MARK --
May 24 12:41:36 dreamcast -- MARK --
May 24 13:01:36 dreamcast -- MARK --
May 24 13:21:36 dreamcast -- MARK --
May 24 13:41:36 dreamcast -- MARK --
May 24 14:01:36 dreamcast -- MARK --
May 24 14:21:36 dreamcast -- MARK --
May 24 14:41:36 dreamcast -- MARK --
May 24 15:01:36 dreamcast -- MARK --
May 24 15:21:36 dreamcast -- MARK --
May 24 15:41:36 dreamcast -- MARK --
May 24 16:01:36 dreamcast -- MARK --
May 24 16:21:36 dreamcast -- MARK --
May 24 16:41:36 dreamcast -- MARK --
May 24 17:01:36 dreamcast -- MARK --
May 24 17:21:36 dreamcast -- MARK --
May 24 17:41:36 dreamcast -- MARK --
May 24 18:01:36 dreamcast -- MARK --
May 24 18:21:36 dreamcast -- MARK --
May 24 18:41:36 dreamcast -- MARK --
May 24 19:01:36 dreamcast -- MARK --
May 24 19:21:36 dreamcast -- MARK --
May 24 19:41:36 dreamcast -- MARK --
May 24 20:01:36 dreamcast -- MARK --
May 24 20:21:36 dreamcast -- MARK --
May 24 20:41:36 dreamcast -- MARK --
May 24 21:01:36 dreamcast -- MARK --
May 24 21:21:36 dreamcast -- MARK --
May 24 21:41:36 dreamcast -- MARK --
May 24 22:01:36 dreamcast -- MARK --
May 24 22:21:36 dreamcast -- MARK --
May 24 22:41:36 dreamcast -- MARK --
May 24 23:01:36 dreamcast -- MARK --
May 24 23:21:36 dreamcast -- MARK --
May 24 23:41:36 dreamcast -- MARK --
May 25 00:01:36 dreamcast -- MARK --
May 25 00:21:36 dreamcast -- MARK --
May 25 00:41:36 dreamcast -- MARK --
May 25 01:01:36 dreamcast -- MARK --
May 25 01:21:36 dreamcast -- MARK --
May 25 01:41:36 dreamcast -- MARK --
May 25 02:01:36 dreamcast -- MARK --
May 25 02:21:36 dreamcast -- MARK --
May 25 02:41:36 dreamcast -- MARK --
May 25 03:01:36 dreamcast -- MARK --
May 25 03:21:36 dreamcast -- MARK --
May 25 03:41:36 dreamcast -- MARK --
May 25 04:01:36 dreamcast -- MARK --
May 25 04:21:36 dreamcast -- MARK --
May 25 04:41:36 dreamcast -- MARK --
May 25 05:01:36 dreamcast -- MARK --
May 25 05:21:36 dreamcast -- MARK --
May 25 05:41:36 dreamcast -- MARK --
May 25 06:01:36 dreamcast -- MARK --
May 25 06:21:36 dreamcast -- MARK --
May 25 06:41:36 dreamcast -- MARK --
May 25 07:01:36 dreamcast -- MARK --
May 25 07:21:36 dreamcast -- MARK --
May 25 07:41:36 dreamcast -- MARK --
May 25 08:01:36 dreamcast -- MARK --
May 25 08:21:36 dreamcast -- MARK --
May 25 08:41:36 dreamcast -- MARK --
May 25 09:01:36 dreamcast -- MARK --
May 25 09:21:36 dreamcast -- MARK --
May 25 09:41:36 dreamcast -- MARK --
May 25 10:01:36 dreamcast -- MARK --
May 25 10:21:36 dreamcast -- MARK --
May 25 10:41:36 dreamcast -- MARK --
May 25 11:01:36 dreamcast -- MARK --
May 25 11:21:36 dreamcast -- MARK --
May 25 11:41:36 dreamcast -- MARK --
May 25 12:01:36 dreamcast -- MARK --
May 25 12:21:36 dreamcast -- MARK --
May 25 12:41:36 dreamcast -- MARK --
May 25 13:01:36 dreamcast -- MARK --
May 25 13:21:36 dreamcast -- MARK --
May 25 13:41:36 dreamcast -- MARK --
May 25 14:01:36 dreamcast -- MARK --
May 25 14:21:36 dreamcast -- MARK --
May 25 14:41:36 dreamcast -- MARK --
May 25 15:01:36 dreamcast -- MARK --
May 25 15:21:36 dreamcast -- MARK --
May 25 15:41:36 dreamcast -- MARK --
May 25 16:01:36 dreamcast -- MARK --
May 25 16:21:36 dreamcast -- MARK --
May 25 16:41:36 dreamcast -- MARK --
May 25 17:01:36 dreamcast -- MARK --
May 25 17:21:36 dreamcast -- MARK --
May 25 17:41:36 dreamcast -- MARK --
May 25 18:01:36 dreamcast -- MARK --
May 25 18:21:36 dreamcast -- MARK --
May 25 18:41:36 dreamcast -- MARK --
May 25 19:01:36 dreamcast -- MARK --
May 25 19:21:36 dreamcast -- MARK --
May 25 19:41:36 dreamcast -- MARK --
May 25 20:01:36 dreamcast -- MARK --
May 25 20:21:36 dreamcast -- MARK --
May 25 20:41:36 dreamcast -- MARK --
May 25 21:01:36 dreamcast -- MARK --
May 25 21:21:36 dreamcast -- MARK --
May 25 21:41:36 dreamcast -- MARK --
May 25 22:01:36 dreamcast -- MARK --
May 25 22:21:36 dreamcast -- MARK --
May 25 22:41:36 dreamcast -- MARK --
May 25 23:01:36 dreamcast -- MARK --
May 25 23:21:36 dreamcast -- MARK --
May 25 23:41:36 dreamcast -- MARK --
May 26 00:01:36 dreamcast -- MARK --
May 26 00:21:36 dreamcast -- MARK --
May 26 00:41:36 dreamcast -- MARK --
May 26 01:01:36 dreamcast -- MARK --
May 26 01:21:36 dreamcast -- MARK --
May 26 01:41:36 dreamcast -- MARK --
May 26 02:01:36 dreamcast -- MARK --
May 26 02:21:36 dreamcast -- MARK --
May 26 02:41:36 dreamcast -- MARK --
May 26 03:01:36 dreamcast -- MARK --
May 26 03:21:36 dreamcast -- MARK --
May 26 03:41:36 dreamcast -- MARK --
May 26 04:01:36 dreamcast -- MARK --
May 26 04:21:36 dreamcast -- MARK --
May 26 04:41:36 dreamcast -- MARK --
May 26 05:01:36 dreamcast -- MARK --
May 26 05:21:36 dreamcast -- MARK --
May 26 05:41:36 dreamcast -- MARK --
May 26 06:01:36 dreamcast -- MARK --
May 26 06:21:36 dreamcast -- MARK --
May 26 06:41:37 dreamcast -- MARK --
May 26 07:01:37 dreamcast -- MARK --
May 26 07:21:37 dreamcast -- MARK --
May 26 07:41:37 dreamcast -- MARK --
May 26 08:01:37 dreamcast -- MARK --
May 26 08:21:37 dreamcast -- MARK --
May 26 08:41:37 dreamcast -- MARK --
May 26 09:01:37 dreamcast -- MARK --
May 26 09:21:37 dreamcast -- MARK --
May 26 09:41:37 dreamcast -- MARK --
May 26 10:01:37 dreamcast -- MARK --
May 26 10:21:37 dreamcast -- MARK --
May 26 10:41:37 dreamcast -- MARK --
May 26 11:01:37 dreamcast -- MARK --
May 26 11:21:37 dreamcast -- MARK --
May 26 11:41:37 dreamcast -- MARK --
May 26 12:01:37 dreamcast -- MARK --
May 26 12:21:37 dreamcast -- MARK --
May 26 12:41:37 dreamcast -- MARK --
May 26 13:01:37 dreamcast -- MARK --
May 26 13:21:37 dreamcast -- MARK --
May 26 13:41:37 dreamcast -- MARK --
May 26 14:01:37 dreamcast -- MARK --
May 26 14:21:37 dreamcast -- MARK --
May 26 14:41:37 dreamcast -- MARK --
May 26 15:01:37 dreamcast -- MARK --
May 26 15:21:37 dreamcast -- MARK --
May 26 15:41:37 dreamcast -- MARK --
May 26 16:01:37 dreamcast -- MARK --
May 26 16:21:37 dreamcast -- MARK --
May 26 16:41:37 dreamcast -- MARK --
May 26 17:01:37 dreamcast -- MARK --
May 26 17:21:37 dreamcast -- MARK --
May 26 17:41:37 dreamcast -- MARK --
May 26 18:01:37 dreamcast -- MARK --
May 26 18:21:37 dreamcast -- MARK --
May 26 18:41:37 dreamcast -- MARK --
May 26 19:01:37 dreamcast -- MARK --
May 26 19:21:37 dreamcast -- MARK --
May 26 19:41:37 dreamcast -- MARK --
May 26 20:01:37 dreamcast -- MARK --
May 26 20:21:37 dreamcast -- MARK --
Jan  1 09:00:59 dreamcast syslogd 1.4.1#2: restart.
Jan  1 09:01:01 dreamcast kernel: klogd 1.4.1#2, log source = /proc/kmsg started.
Jan  1 09:01:01 dreamcast kernel: Cannot find map file.
Jan  1 09:01:01 dreamcast kernel: No module symbols loaded.
Jan  1 09:01:01 dreamcast kernel: Linux version 2.4.5 (yaegashi@aragorn) (gcc version 3.1 20010501 (experimental)) #2 2001年 5月 28日 月曜日 23:48:56 JST
Jan  1 09:01:01 dreamcast kernel: SEGA Dreamcast support.
Jan  1 09:01:01 dreamcast kernel: On node 0 totalpages: 4096
Jan  1 09:01:01 dreamcast kernel: zone(0): 4096 pages.
Jan  1 09:01:01 dreamcast kernel: zone(1): 0 pages.
Jan  1 09:01:01 dreamcast kernel: zone(2): 0 pages.
Jan  1 09:01:01 dreamcast kernel: Kernel command line: mem=16M console=ttySC1,115200 ip=on
Jan  1 09:01:01 dreamcast kernel: CPU clock: 200.00MHz
Jan  1 09:01:01 dreamcast kernel: Bus clock: 100.00MHz
Jan  1 09:01:01 dreamcast kernel: Module clock: 50.00MHz
Jan  1 09:01:01 dreamcast kernel: Interval = 125000
Jan  1 09:01:01 dreamcast kernel: Console: colour dummy device 80x25
Jan  1 09:01:01 dreamcast kernel: Calibrating delay loop... 199.47 BogoMIPS
Jan  1 09:01:01 dreamcast kernel: Memory: 14532k/16384k available (1153k kernel code, 1852k reserved, 56k data, 184k init)
Jan  1 09:01:01 dreamcast kernel: Dentry-cache hash table entries: 2048 (order: 2, 16384 bytes)
Jan  1 09:01:01 dreamcast kernel: Inode-cache hash table entries: 1024 (order: 1, 8192 bytes)
Jan  1 09:01:01 dreamcast kernel: Buffer-cache hash table entries: 1024 (order: 0, 4096 bytes)
Jan  1 09:01:01 dreamcast kernel: Page-cache hash table entries: 4096 (order: 2, 16384 bytes)
Jan  1 09:01:01 dreamcast kernel: CPU: SH7750/SH7751
Jan  1 09:01:01 dreamcast kernel: POSIX conformance testing by UNIFIX
Jan  1 09:01:01 dreamcast kernel: PCI: MMIO fixup to Sega Corporation Broadband Adapter
Jan  1 09:01:02 dreamcast kernel: Linux NET4.0 for Linux 2.4
Jan  1 09:01:02 dreamcast kernel: Based upon Swansea University Computer Society NET3.039
Jan  1 09:01:02 dreamcast kernel: Starting kswapd v1.8
Jan  1 09:01:02 dreamcast kernel: devfs: v0.102 (20000622) Richard Gooch (rgooch@atnf.csiro.au)
Jan  1 09:01:02 dreamcast kernel: devfs: boot_options: 0x0
Jan  1 09:01:02 dreamcast kernel: pty: 256 Unix98 ptys configured
Jan  1 09:01:02 dreamcast kernel: SuperH SCI(F) driver initialized
Jan  1 09:01:02 dreamcast kernel: ttySC0 at 0xffe00000 is a SCI
Jan  1 09:01:02 dreamcast kernel: ttySC1 at 0xffe80000 is a SCIF
Jan  1 09:01:02 dreamcast kernel: maple: registered driver: Dreamcast controller (function 0x1)
Jan  1 09:01:02 dreamcast kernel: maple: registered driver: Dreamcast keyboard (function 0x40)
Jan  1 09:01:02 dreamcast kernel: maple: registered driver: Dreamcast mouse (function 0x200)
Jan  1 09:01:02 dreamcast kernel: Real Time Clock Driver v1.10d
Jan  1 09:01:02 dreamcast kernel: block: queued sectors max/low 9549kB/3183kB, 64 slots per queue
Jan  1 09:01:02 dreamcast kernel: RAMDISK driver initialized: 16 RAM disks of 4096K size 1024 blocksize
Jan  1 09:01:02 dreamcast kernel: loop: loaded (max 8 devices)
Jan  1 09:01:02 dreamcast kernel: 8139too Fast Ethernet driver 0.9.17
Jan  1 09:01:02 dreamcast kernel: PCI: enabling device 00:00.0 (0006 -> 0007)
Jan  1 09:01:02 dreamcast kernel: eth0: SEGA Broadband Adapter at 0xa1001700, 00:d0:f1:02:3a:6f, IRQ 83
Jan  1 09:01:02 dreamcast kernel: GDROM: Dreamcast GD-ROM Drive found.
Jan  1 09:01:02 dreamcast kernel: mice: PS/2 mouse device common for all mice
Jan  1 09:01:02 dreamcast kernel: SEGA Dreamcast MAPLE Bus drivers
Jan  1 09:01:02 dreamcast kernel: maple: registered driver: Dummy (function 0x0)
Jan  1 09:01:02 dreamcast kernel: NET4: Linux TCP/IP 1.0 for NET4.0
Jan  1 09:01:02 dreamcast kernel: IP Protocols: ICMP, UDP, TCP
Jan  1 09:01:02 dreamcast kernel: IP: routing cache hash table of 512 buckets, 4Kbytes
Jan  1 09:01:02 dreamcast kernel: TCP: Hash tables configured (established 1024 bind 2048)
Jan  1 09:01:02 dreamcast kernel: pci_alloc_consistent: 6144 bytes at 0x01840000
Jan  1 09:01:02 dreamcast kernel: pci_alloc_consistent: 18448 bytes at 0x01842000
Jan  1 09:01:02 dreamcast kernel: eth0: Setting 100mbps full-duplex based on auto-negotiated partner ability 45e1.
Jan  1 09:01:02 dreamcast kernel: maple(0,0): Connected(function 0x40)
Jan  1 09:01:02 dreamcast kernel: keybdev.c: Adding keyboard: input0
Jan  1 09:01:02 dreamcast kernel: input0: keyboard(0x1020080): Keyboard
Jan  1 09:01:02 dreamcast kernel: maple(1,0): Connected(function 0x200)
Jan  1 09:01:02 dreamcast kernel: mouse0: PS/2 mouse device for input1
Jan  1 09:01:02 dreamcast kernel: input1: mouse(0xe0700): Dreamcast Mouse
Jan  1 09:01:02 dreamcast kernel: maple(3,0): Connected(function 0x1)
Jan  1 09:01:02 dreamcast kernel: input2: controller(0x700fe): Racing Controller
Jan  1 09:01:02 dreamcast kernel: Sending DHCP requests ., OK
Jan  1 09:01:02 dreamcast kernel: IP-Config: Got DHCP answer from 192.168.0.254, my address is 192.168.0.248
Jan  1 09:01:02 dreamcast kernel: IP-Config: Complete:
Jan  1 09:01:02 dreamcast kernel:       device=eth0, addr=192.168.0.248, mask=255.255.255.0, gw=192.168.0.254,
Jan  1 09:01:02 dreamcast kernel:      host=192.168.0.248, domain=ta.keshi.org, nis-domain=(none),
Jan  1 09:01:02 dreamcast kernel:      bootserver=192.168.0.254, rootserver=192.168.0.254, rootpath=
Jan  1 09:01:02 dreamcast kernel: NET4: Unix domain sockets 1.0/SMP for Linux NET4.0.
Jan  1 09:01:02 dreamcast kernel: Looking up port of RPC 100003/2 on 192.168.0.254
Jan  1 09:01:02 dreamcast kernel: Looking up port of RPC 100005/2 on 192.168.0.254
Jan  1 09:01:02 dreamcast kernel: VFS: Mounted root (nfs filesystem).
Jan  1 09:01:02 dreamcast kernel: Mounted devfs on /dev
Jan  1 09:01:02 dreamcast kernel: Freeing unused kernel memory: 184k freed
Jan  1 09:00:55 dreamcast syslogd 1.4.1#2: restart.
Jan  1 09:00:58 dreamcast kernel: klogd 1.4.1#2, log source = /proc/kmsg started.
Jan  1 09:00:58 dreamcast kernel: Cannot find map file.
Jan  1 09:00:58 dreamcast kernel: No module symbols loaded.
Jan  1 09:00:58 dreamcast kernel: Linux version 2.4.5 (yaegashi@aragorn) (gcc version 3.1 20010501 (experimental)) #5 2001年 5月 29日 火曜日 00:06:36 JST
Jan  1 09:00:58 dreamcast kernel: SEGA Dreamcast support.
Jan  1 09:00:58 dreamcast kernel: On node 0 totalpages: 4096
Jan  1 09:00:58 dreamcast kernel: zone(0): 4096 pages.
Jan  1 09:00:58 dreamcast kernel: zone(1): 0 pages.
Jan  1 09:00:58 dreamcast kernel: zone(2): 0 pages.
Jan  1 09:00:58 dreamcast kernel: Kernel command line: mem=16M console=ttySC1,115200 ip=on /etc/profile
Jan  1 09:00:58 dreamcast kernel: CPU clock: 200.00MHz
Jan  1 09:00:58 dreamcast kernel: Bus clock: 100.00MHz
Jan  1 09:00:58 dreamcast kernel: Module clock: 50.00MHz
Jan  1 09:00:58 dreamcast kernel: Interval = 125000
Jan  1 09:00:58 dreamcast kernel: Console: colour dummy device 80x25
Jan  1 09:00:58 dreamcast kernel: Calibrating delay loop... 199.47 BogoMIPS
Jan  1 09:00:58 dreamcast kernel: Memory: 14520k/16384k available (1161k kernel code, 1864k reserved, 56k data, 184k init)
Jan  1 09:00:58 dreamcast kernel: Dentry-cache hash table entries: 2048 (order: 2, 16384 bytes)
Jan  1 09:00:58 dreamcast kernel: Inode-cache hash table entries: 1024 (order: 1, 8192 bytes)
Jan  1 09:00:58 dreamcast kernel: Buffer-cache hash table entries: 1024 (order: 0, 4096 bytes)
Jan  1 09:00:58 dreamcast kernel: Page-cache hash table entries: 4096 (order: 2, 16384 bytes)
Jan  1 09:00:58 dreamcast kernel: CPU: SH7750/SH7751
Jan  1 09:00:58 dreamcast kernel: POSIX conformance testing by UNIFIX
Jan  1 09:00:58 dreamcast kernel: PCI: MMIO fixup to Sega Corporation Broadband Adapter
Jan  1 09:00:58 dreamcast kernel: Linux NET4.0 for Linux 2.4
Jan  1 09:00:58 dreamcast kernel: Based upon Swansea University Computer Society NET3.039
Jan  1 09:00:58 dreamcast kernel: Starting kswapd v1.8
Jan  1 09:00:58 dreamcast kernel: devfs: v0.102 (20000622) Richard Gooch (rgooch@atnf.csiro.au)
Jan  1 09:00:58 dreamcast kernel: devfs: boot_options: 0x0
Jan  1 09:00:58 dreamcast kernel: Console: switching to colour frame buffer device 80x30
Jan  1 09:00:58 dreamcast kernel: fb0: NEC PowerVR2 frame buffer device, using 300k/8192k of video memory
Jan  1 09:00:58 dreamcast kernel: fb0: Mode 640x240-16 pitch = 1280 cable: VGA video output: VGA
Jan  1 09:00:58 dreamcast kernel: pty: 256 Unix98 ptys configured
Jan  1 09:00:58 dreamcast kernel: SuperH SCI(F) driver initialized
Jan  1 09:00:58 dreamcast kernel: ttySC0 at 0xffe00000 is a SCI
Jan  1 09:00:58 dreamcast kernel: ttySC1 at 0xffe80000 is a SCIF
Jan  1 09:00:58 dreamcast kernel: maple: registered driver: Dreamcast controller (function 0x1)
Jan  1 09:00:58 dreamcast kernel: maple: registered driver: Dreamcast keyboard (function 0x40)
Jan  1 09:00:58 dreamcast kernel: maple: registered driver: Dreamcast mouse (function 0x200)
Jan  1 09:00:58 dreamcast kernel: Real Time Clock Driver v1.10d
Jan  1 09:00:58 dreamcast kernel: block: queued sectors max/low 9258kB/3086kB, 64 slots per queue
Jan  1 09:00:58 dreamcast kernel: RAMDISK driver initialized: 16 RAM disks of 4096K size 1024 blocksize
Jan  1 09:00:58 dreamcast kernel: loop: loaded (max 8 devices)
Jan  1 09:00:58 dreamcast kernel: 8139too Fast Ethernet driver 0.9.17
Jan  1 09:00:58 dreamcast kernel: PCI: enabling device 00:00.0 (0006 -> 0007)
Jan  1 09:00:58 dreamcast kernel: eth0: SEGA Broadband Adapter at 0xa1001700, 00:d0:f1:02:3a:6f, IRQ 83
Jan  1 09:00:58 dreamcast kernel: GDROM: Dreamcast GD-ROM Drive found.
Jan  1 09:00:58 dreamcast kernel: mice: PS/2 mouse device common for all mice
Jan  1 09:00:58 dreamcast kernel: SEGA Dreamcast MAPLE Bus drivers
Jan  1 09:00:58 dreamcast kernel: maple: registered driver: Dummy (function 0x0)
Jan  1 09:00:58 dreamcast kernel: NET4: Linux TCP/IP 1.0 for NET4.0
Jan  1 09:00:58 dreamcast kernel: IP Protocols: ICMP, UDP, TCP
Jan  1 09:00:58 dreamcast kernel: IP: routing cache hash table of 512 buckets, 4Kbytes
Jan  1 09:00:58 dreamcast kernel: TCP: Hash tables configured (established 1024 bind 2048)
Jan  1 09:00:58 dreamcast kernel: pci_alloc_consistent: 6144 bytes at 0x01840000
Jan  1 09:00:59 dreamcast kernel: pci_alloc_consistent: 18448 bytes at 0x01842000
Jan  1 09:00:59 dreamcast kernel: eth0: Setting 100mbps full-duplex based on auto-negotiated partner ability 45e1.
Jan  1 09:00:59 dreamcast kernel: maple(0,0): Connected(function 0x40)
Jan  1 09:00:59 dreamcast kernel: keybdev.c: Adding keyboard: input0
Jan  1 09:00:59 dreamcast kernel: input0: keyboard(0x1020080): Keyboard
Jan  1 09:00:59 dreamcast kernel: maple(1,0): Connected(function 0x200)
Jan  1 09:00:59 dreamcast kernel: mouse0: PS/2 mouse device for input1
Jan  1 09:00:59 dreamcast kernel: input1: mouse(0xe0700): Dreamcast Mouse
Jan  1 09:00:59 dreamcast kernel: maple(3,0): Connected(function 0x1)
Jan  1 09:00:59 dreamcast kernel: input2: controller(0x700fe): Racing Controller
Jan  1 09:00:59 dreamcast kernel: Sending DHCP requests ., OK
Jan  1 09:00:59 dreamcast kernel: IP-Config: Got DHCP answer from 192.168.0.254, my address is 192.168.0.248
Jan  1 09:00:59 dreamcast kernel: IP-Config: Complete:
Jan  1 09:00:59 dreamcast kernel:       device=eth0, addr=192.168.0.248, mask=255.255.255.0, gw=192.168.0.254,
Jan  1 09:00:59 dreamcast kernel:      host=192.168.0.248, domain=ta.keshi.org, nis-domain=(none),
Jan  1 09:00:59 dreamcast kernel:      bootserver=192.168.0.254, rootserver=192.168.0.254, rootpath=
Jan  1 09:00:59 dreamcast kernel: NET4: Unix domain sockets 1.0/SMP for Linux NET4.0.
Jan  1 09:00:59 dreamcast kernel: Looking up port of RPC 100003/2 on 192.168.0.254
Jan  1 09:00:59 dreamcast kernel: Looking up port of RPC 100005/2 on 192.168.0.254
Jan  1 09:00:59 dreamcast kernel: VFS: Mounted root (nfs filesystem).
Jan  1 09:00:59 dreamcast kernel: Mounted devfs on /dev
Jan  1 09:00:59 dreamcast kernel: Freeing unused kernel memory: 184k freed
Jan  1 09:00:57 dreamcast syslogd 1.4.1#2: restart.
Jan  1 09:00:59 dreamcast kernel: klogd 1.4.1#2, log source = /proc/kmsg started.
Jan  1 09:00:59 dreamcast kernel: Cannot find map file.
Jan  1 09:00:59 dreamcast kernel: No module symbols loaded.
Jan  1 09:00:59 dreamcast kernel: Linux version 2.4.5 (yaegashi@aragorn) (gcc version 3.1 20010501 (experimental)) #5 2001年 5月 29日 火曜日 00:06:36 JST
Jan  1 09:00:59 dreamcast kernel: SEGA Dreamcast support.
Jan  1 09:00:59 dreamcast kernel: On node 0 totalpages: 4096
Jan  1 09:00:59 dreamcast kernel: zone(0): 4096 pages.
Jan  1 09:00:59 dreamcast kernel: zone(1): 0 pages.
Jan  1 09:00:59 dreamcast kernel: zone(2): 0 pages.
Jan  1 09:00:59 dreamcast kernel: Kernel command line: mem=16M console=ttySC1,115200 ip=on
Jan  1 09:00:59 dreamcast kernel: CPU clock: 200.00MHz
Jan  1 09:00:59 dreamcast kernel: Bus clock: 100.00MHz
Jan  1 09:00:59 dreamcast kernel: Module clock: 50.00MHz
Jan  1 09:00:59 dreamcast kernel: Interval = 125000
Jan  1 09:00:59 dreamcast kernel: Console: colour dummy device 80x25
Jan  1 09:00:59 dreamcast kernel: Calibrating delay loop... 199.47 BogoMIPS
Jan  1 09:00:59 dreamcast kernel: Memory: 14520k/16384k available (1161k kernel code, 1864k reserved, 56k data, 184k init)
Jan  1 09:00:59 dreamcast kernel: Dentry-cache hash table entries: 2048 (order: 2, 16384 bytes)
Jan  1 09:00:59 dreamcast kernel: Inode-cache hash table entries: 1024 (order: 1, 8192 bytes)
Jan  1 09:00:59 dreamcast kernel: Buffer-cache hash table entries: 1024 (order: 0, 4096 bytes)
Jan  1 09:00:59 dreamcast kernel: Page-cache hash table entries: 4096 (order: 2, 16384 bytes)
Jan  1 09:00:59 dreamcast kernel: CPU: SH7750/SH7751
Jan  1 09:00:59 dreamcast kernel: POSIX conformance testing by UNIFIX
Jan  1 09:00:59 dreamcast kernel: PCI: MMIO fixup to Sega Corporation Broadband Adapter
Jan  1 09:00:59 dreamcast kernel: Linux NET4.0 for Linux 2.4
Jan  1 09:00:59 dreamcast kernel: Based upon Swansea University Computer Society NET3.039
Jan  1 09:00:59 dreamcast kernel: Starting kswapd v1.8
Jan  1 09:00:59 dreamcast kernel: devfs: v0.102 (20000622) Richard Gooch (rgooch@atnf.csiro.au)
Jan  1 09:00:59 dreamcast kernel: devfs: boot_options: 0x0
Jan  1 09:00:59 dreamcast kernel: Console: switching to colour frame buffer device 80x30
Jan  1 09:00:59 dreamcast kernel: fb0: NEC PowerVR2 frame buffer device, using 300k/8192k of video memory
Jan  1 09:00:59 dreamcast kernel: fb0: Mode 640x240-16 pitch = 1280 cable: VGA video output: VGA
Jan  1 09:00:59 dreamcast kernel: pty: 256 Unix98 ptys configured
Jan  1 09:00:59 dreamcast kernel: SuperH SCI(F) driver initialized
Jan  1 09:00:59 dreamcast kernel: ttySC0 at 0xffe00000 is a SCI
Jan  1 09:00:59 dreamcast kernel: ttySC1 at 0xffe80000 is a SCIF
Jan  1 09:00:59 dreamcast kernel: maple: registered driver: Dreamcast controller (function 0x1)
Jan  1 09:00:59 dreamcast kernel: maple: registered driver: Dreamcast keyboard (function 0x40)
Jan  1 09:00:59 dreamcast kernel: maple: registered driver: Dreamcast mouse (function 0x200)
Jan  1 09:00:59 dreamcast kernel: Real Time Clock Driver v1.10d
Jan  1 09:00:59 dreamcast kernel: block: queued sectors max/low 9258kB/3086kB, 64 slots per queue
Jan  1 09:01:00 dreamcast kernel: RAMDISK driver initialized: 16 RAM disks of 4096K size 1024 blocksize
Jan  1 09:01:00 dreamcast kernel: loop: loaded (max 8 devices)
Jan  1 09:01:00 dreamcast kernel: 8139too Fast Ethernet driver 0.9.17
Jan  1 09:01:00 dreamcast kernel: PCI: enabling device 00:00.0 (0006 -> 0007)
Jan  1 09:01:00 dreamcast kernel: eth0: SEGA Broadband Adapter at 0xa1001700, 00:d0:f1:02:3a:6f, IRQ 83
Jan  1 09:01:00 dreamcast kernel: GDROM: Dreamcast GD-ROM Drive found.
Jan  1 09:01:00 dreamcast kernel: mice: PS/2 mouse device common for all mice
Jan  1 09:01:00 dreamcast kernel: SEGA Dreamcast MAPLE Bus drivers
Jan  1 09:01:00 dreamcast kernel: maple: registered driver: Dummy (function 0x0)
Jan  1 09:01:00 dreamcast kernel: NET4: Linux TCP/IP 1.0 for NET4.0
Jan  1 09:01:00 dreamcast kernel: IP Protocols: ICMP, UDP, TCP
Jan  1 09:01:00 dreamcast kernel: IP: routing cache hash table of 512 buckets, 4Kbytes
Jan  1 09:01:00 dreamcast kernel: TCP: Hash tables configured (established 1024 bind 2048)
Jan  1 09:01:00 dreamcast kernel: pci_alloc_consistent: 6144 bytes at 0x01840000
Jan  1 09:01:00 dreamcast kernel: pci_alloc_consistent: 18448 bytes at 0x01842000
Jan  1 09:01:00 dreamcast kernel: eth0: Setting 100mbps full-duplex based on auto-negotiated partner ability 45e1.
Jan  1 09:01:00 dreamcast kernel: maple(0,0): Connected(function 0x40)
Jan  1 09:01:00 dreamcast kernel: keybdev.c: Adding keyboard: input0
Jan  1 09:01:00 dreamcast kernel: input0: keyboard(0x1020080): Keyboard
Jan  1 09:01:00 dreamcast kernel: maple(1,0): Connected(function 0x200)
Jan  1 09:01:00 dreamcast kernel: mouse0: PS/2 mouse device for input1
Jan  1 09:01:00 dreamcast kernel: input1: mouse(0xe0700): Dreamcast Mouse
Jan  1 09:01:00 dreamcast kernel: maple(3,0): Connected(function 0x1)
Jan  1 09:01:00 dreamcast kernel: input2: controller(0x700fe): Racing Controller
Jan  1 09:01:00 dreamcast kernel: Sending DHCP requests ., OK
Jan  1 09:01:00 dreamcast kernel: IP-Config: Got DHCP answer from 192.168.0.254, my address is 192.168.0.248
Jan  1 09:01:00 dreamcast kernel: IP-Config: Complete:
Jan  1 09:01:00 dreamcast kernel:       device=eth0, addr=192.168.0.248, mask=255.255.255.0, gw=192.168.0.254,
Jan  1 09:01:00 dreamcast kernel:      host=192.168.0.248, domain=ta.keshi.org, nis-domain=(none),
Jan  1 09:01:00 dreamcast kernel:      bootserver=192.168.0.254, rootserver=192.168.0.254, rootpath=
Jan  1 09:01:00 dreamcast kernel: NET4: Unix domain sockets 1.0/SMP for Linux NET4.0.
Jan  1 09:01:00 dreamcast kernel: Looking up port of RPC 100003/2 on 192.168.0.254
Jan  1 09:01:00 dreamcast kernel: Looking up port of RPC 100005/2 on 192.168.0.254
Jan  1 09:01:00 dreamcast kernel: VFS: Mounted root (nfs filesystem).
Jan  1 09:01:00 dreamcast kernel: Mounted devfs on /dev
Jan  1 09:01:00 dreamcast kernel: Freeing unused kernel memory: 184k freed
Jan  1 09:00:53 dreamcast syslogd 1.4.1#2: restart.
Jan  1 09:00:55 dreamcast kernel: klogd 1.4.1#2, log source = /proc/kmsg started.
Jan  1 09:00:55 dreamcast kernel: Cannot find map file.
Jan  1 09:00:55 dreamcast kernel: No module symbols loaded.
Jan  1 09:00:55 dreamcast kernel: Linux version 2.4.5 (yaegashi@aragorn) (gcc version 3.1 20010501 (experimental)) #6 2001年 5月 29日 火曜日 00:21:21 JST
Jan  1 09:00:55 dreamcast kernel: SEGA Dreamcast support.
Jan  1 09:00:55 dreamcast kernel: On node 0 totalpages: 4096
Jan  1 09:00:55 dreamcast kernel: zone(0): 4096 pages.
Jan  1 09:00:55 dreamcast kernel: zone(1): 0 pages.
Jan  1 09:00:55 dreamcast kernel: zone(2): 0 pages.
Jan  1 09:00:55 dreamcast kernel: Kernel command line: mem=16M console=ttySC1,115200 console=tty0 ip=on video=pvr2:output:VGA
Jan  1 09:00:55 dreamcast kernel: CPU clock: 200.00MHz
Jan  1 09:00:55 dreamcast kernel: Bus clock: 100.00MHz
Jan  1 09:00:55 dreamcast kernel: Module clock: 50.00MHz
Jan  1 09:00:55 dreamcast kernel: Interval = 125000
Jan  1 09:00:55 dreamcast kernel: Console: colour dummy device 80x25
Jan  1 09:00:55 dreamcast kernel: Calibrating delay loop... 199.47 BogoMIPS
Jan  1 09:00:55 dreamcast kernel: Memory: 14520k/16384k available (1158k kernel code, 1864k reserved, 56k data, 184k init)
Jan  1 09:00:55 dreamcast kernel: Dentry-cache hash table entries: 2048 (order: 2, 16384 bytes)
Jan  1 09:00:55 dreamcast kernel: Inode-cache hash table entries: 1024 (order: 1, 8192 bytes)
Jan  1 09:00:55 dreamcast kernel: Buffer-cache hash table entries: 1024 (order: 0, 4096 bytes)
Jan  1 09:00:55 dreamcast kernel: Page-cache hash table entries: 4096 (order: 2, 16384 bytes)
Jan  1 09:00:55 dreamcast kernel: CPU: SH7750/SH7751
Jan  1 09:00:55 dreamcast kernel: POSIX conformance testing by UNIFIX
Jan  1 09:00:55 dreamcast kernel: PCI: MMIO fixup to Sega Corporation Broadband Adapter
Jan  1 09:00:55 dreamcast kernel: Linux NET4.0 for Linux 2.4
Jan  1 09:00:55 dreamcast kernel: Based upon Swansea University Computer Society NET3.039
Jan  1 09:00:55 dreamcast kernel: Starting kswapd v1.8
Jan  1 09:00:55 dreamcast kernel: devfs: v0.102 (20000622) Richard Gooch (rgooch@atnf.csiro.au)
Jan  1 09:00:55 dreamcast kernel: devfs: boot_options: 0x0
Jan  1 09:00:55 dreamcast kernel: Console: switching to colour frame buffer device 80x30
Jan  1 09:00:55 dreamcast kernel: fb0: NEC PowerVR2 frame buffer device, using 300k/8192k of video memory
Jan  1 09:00:55 dreamcast kernel: fb0: Mode 640x240-16 pitch = 1280 cable: VGA video output: VGA
Jan  1 09:00:55 dreamcast kernel: pty: 256 Unix98 ptys configured
Jan  1 09:00:55 dreamcast kernel: SuperH SCI(F) driver initialized
Jan  1 09:00:55 dreamcast kernel: ttySC0 at 0xffe00000 is a SCI
Jan  1 09:00:55 dreamcast kernel: ttySC1 at 0xffe80000 is a SCIF
Jan  1 09:00:55 dreamcast kernel: maple: registered driver: Dreamcast controller (function 0x1)
Jan  1 09:00:55 dreamcast kernel: maple: registered driver: Dreamcast keyboard (function 0x40)
Jan  1 09:00:55 dreamcast kernel: maple: registered driver: Dreamcast mouse (function 0x200)
Jan  1 09:00:55 dreamcast kernel: Real Time Clock Driver v1.10d
Jan  1 09:00:55 dreamcast kernel: block: queued sectors max/low 9258kB/3086kB, 64 slots per queue
Jan  1 09:00:55 dreamcast kernel: RAMDISK driver initialized: 16 RAM disks of 4096K size 1024 blocksize
Jan  1 09:00:55 dreamcast kernel: loop: loaded (max 8 devices)
Jan  1 09:00:55 dreamcast kernel: 8139too Fast Ethernet driver 0.9.17
Jan  1 09:00:55 dreamcast kernel: PCI: enabling device 00:00.0 (0006 -> 0007)
Jan  1 09:00:55 dreamcast kernel: eth0: SEGA Broadband Adapter at 0xa1001700, 00:d0:f1:02:3a:6f, IRQ 83
Jan  1 09:00:56 dreamcast kernel: mice: PS/2 mouse device common for all mice
Jan  1 09:00:56 dreamcast kernel: SEGA Dreamcast MAPLE Bus drivers
Jan  1 09:00:56 dreamcast kernel: maple: registered driver: Dummy (function 0x0)
Jan  1 09:00:56 dreamcast kernel: NET4: Linux TCP/IP 1.0 for NET4.0
Jan  1 09:00:56 dreamcast kernel: IP Protocols: ICMP, UDP, TCP
Jan  1 09:00:56 dreamcast kernel: IP: routing cache hash table of 512 buckets, 4Kbytes
Jan  1 09:00:56 dreamcast kernel: TCP: Hash tables configured (established 1024 bind 2048)
Jan  1 09:00:56 dreamcast kernel: pci_alloc_consistent: 6144 bytes at 0x01840000
Jan  1 09:00:56 dreamcast kernel: pci_alloc_consistent: 18448 bytes at 0x01842000
Jan  1 09:00:56 dreamcast kernel: eth0: Setting 100mbps full-duplex based on auto-negotiated partner ability 45e1.
Jan  1 09:00:56 dreamcast kernel: maple(0,0): Connected(function 0x40)
Jan  1 09:00:56 dreamcast kernel: keybdev.c: Adding keyboard: input0
Jan  1 09:00:56 dreamcast kernel: input0: keyboard(0x1020080): Keyboard
Jan  1 09:00:56 dreamcast kernel: maple(1,0): Connected(function 0x200)
Jan  1 09:00:56 dreamcast kernel: mouse0: PS/2 mouse device for input1
Jan  1 09:00:56 dreamcast kernel: input1: mouse(0xe0700): Dreamcast Mouse
Jan  1 09:00:56 dreamcast kernel: maple(3,0): Connected(function 0x1)
Jan  1 09:00:56 dreamcast kernel: input2: controller(0x700fe): Racing Controller
Jan  1 09:00:56 dreamcast kernel: Sending DHCP requests ., OK
Jan  1 09:00:56 dreamcast kernel: IP-Config: Got DHCP answer from 192.168.0.254, my address is 192.168.0.248
Jan  1 09:00:56 dreamcast kernel: IP-Config: Complete:
Jan  1 09:00:56 dreamcast kernel:       device=eth0, addr=192.168.0.248, mask=255.255.255.0, gw=192.168.0.254,
Jan  1 09:00:56 dreamcast kernel:      host=192.168.0.248, domain=ta.keshi.org, nis-domain=(none),
Jan  1 09:00:56 dreamcast kernel:      bootserver=192.168.0.254, rootserver=192.168.0.254, rootpath=
Jan  1 09:00:56 dreamcast kernel: NET4: Unix domain sockets 1.0/SMP for Linux NET4.0.
Jan  1 09:00:56 dreamcast kernel: Looking up port of RPC 100003/2 on 192.168.0.254
Jan  1 09:00:56 dreamcast kernel: Looking up port of RPC 100005/2 on 192.168.0.254
Jan  1 09:00:56 dreamcast kernel: VFS: Mounted root (nfs filesystem).
Jan  1 09:00:56 dreamcast kernel: Mounted devfs on /dev
Jan  1 09:00:56 dreamcast kernel: Freeing unused kernel memory: 184k freed
Jan  1 09:00:54 dreamcast syslogd 1.4.1#2: restart.
Jan  1 09:00:57 dreamcast kernel: klogd 1.4.1#2, log source = /proc/kmsg started.
Jan  1 09:00:57 dreamcast kernel: Cannot find map file.
Jan  1 09:00:57 dreamcast kernel: No module symbols loaded.
Jan  1 09:00:57 dreamcast kernel: Linux version 2.4.5 (yaegashi@aragorn) (gcc version 3.1 20010501 (experimental)) #8 2001年 5月 29日 火曜日 00:47:37 JST
Jan  1 09:00:57 dreamcast kernel: SEGA Dreamcast support.
Jan  1 09:00:57 dreamcast kernel: On node 0 totalpages: 4096
Jan  1 09:00:57 dreamcast kernel: zone(0): 4096 pages.
Jan  1 09:00:57 dreamcast kernel: zone(1): 0 pages.
Jan  1 09:00:57 dreamcast kernel: zone(2): 0 pages.
Jan  1 09:00:57 dreamcast kernel: Kernel command line: mem=16M console=ttySC1,115200 console=tty0 ip=on
Jan  1 09:00:57 dreamcast kernel: CPU clock: 200.00MHz
Jan  1 09:00:57 dreamcast kernel: Bus clock: 100.00MHz
Jan  1 09:00:57 dreamcast kernel: Module clock: 50.00MHz
Jan  1 09:00:57 dreamcast kernel: Interval = 125000
Jan  1 09:00:57 dreamcast kernel: Console: colour dummy device 80x25
Jan  1 09:00:57 dreamcast kernel: Calibrating delay loop... 199.47 BogoMIPS
Jan  1 09:00:57 dreamcast kernel: Memory: 14520k/16384k available (1158k kernel code, 1864k reserved, 56k data, 184k init)
Jan  1 09:00:57 dreamcast kernel: Dentry-cache hash table entries: 2048 (order: 2, 16384 bytes)
Jan  1 09:00:57 dreamcast kernel: Inode-cache hash table entries: 1024 (order: 1, 8192 bytes)
Jan  1 09:00:57 dreamcast kernel: Buffer-cache hash table entries: 1024 (order: 0, 4096 bytes)
Jan  1 09:00:57 dreamcast kernel: Page-cache hash table entries: 4096 (order: 2, 16384 bytes)
Jan  1 09:00:57 dreamcast kernel: CPU: SH7750/SH7751
Jan  1 09:00:57 dreamcast kernel: POSIX conformance testing by UNIFIX
Jan  1 09:00:57 dreamcast kernel: PCI: MMIO fixup to Sega Corporation Broadband Adapter
Jan  1 09:00:57 dreamcast kernel: Linux NET4.0 for Linux 2.4
Jan  1 09:00:57 dreamcast kernel: Based upon Swansea University Computer Society NET3.039
Jan  1 09:00:57 dreamcast kernel: Starting kswapd v1.8
Jan  1 09:00:57 dreamcast kernel: devfs: v0.102 (20000622) Richard Gooch (rgooch@atnf.csiro.au)
Jan  1 09:00:57 dreamcast kernel: devfs: boot_options: 0x0
Jan  1 09:00:57 dreamcast kernel: Console: switching to colour frame buffer device 80x30
Jan  1 09:00:57 dreamcast kernel: fb0: NEC PowerVR2 frame buffer device, using 300k/8192k of video memory
Jan  1 09:00:57 dreamcast kernel: fb0: Mode 640x240-16 pitch = 1280 cable: VGA video output: VGA
Jan  1 09:00:57 dreamcast kernel: pty: 256 Unix98 ptys configured
Jan  1 09:00:57 dreamcast kernel: SuperH SCI(F) driver initialized
Jan  1 09:00:57 dreamcast kernel: ttySC0 at 0xffe00000 is a SCI
Jan  1 09:00:57 dreamcast kernel: ttySC1 at 0xffe80000 is a SCIF
Jan  1 09:00:57 dreamcast kernel: maple: registered driver: Dreamcast controller (function 0x1)
Jan  1 09:00:57 dreamcast kernel: maple: registered driver: Dreamcast keyboard (function 0x40)
Jan  1 09:00:57 dreamcast kernel: maple: registered driver: Dreamcast mouse (function 0x200)
Jan  1 09:00:57 dreamcast kernel: Real Time Clock Driver v1.10d
Jan  1 09:00:57 dreamcast kernel: block: queued sectors max/low 9258kB/3086kB, 64 slots per queue
Jan  1 09:00:57 dreamcast kernel: RAMDISK driver initialized: 16 RAM disks of 4096K size 1024 blocksize
Jan  1 09:00:57 dreamcast kernel: loop: loaded (max 8 devices)
Jan  1 09:00:57 dreamcast kernel: 8139too Fast Ethernet driver 0.9.17
Jan  1 09:00:57 dreamcast kernel: PCI: enabling device 00:00.0 (0006 -> 0007)
Jan  1 09:00:57 dreamcast kernel: eth0: SEGA Broadband Adapter at 0xa1001700, 00:d0:f1:02:3a:6f, IRQ 83
Jan  1 09:00:57 dreamcast kernel: mice: PS/2 mouse device common for all mice
Jan  1 09:00:57 dreamcast kernel: SEGA Dreamcast MAPLE Bus drivers
Jan  1 09:00:57 dreamcast kernel: maple: registered driver: Dummy (function 0x0)
Jan  1 09:00:57 dreamcast kernel: NET4: Linux TCP/IP 1.0 for NET4.0
Jan  1 09:00:57 dreamcast kernel: IP Protocols: ICMP, UDP, TCP
Jan  1 09:00:57 dreamcast kernel: IP: routing cache hash table of 512 buckets, 4Kbytes
Jan  1 09:00:57 dreamcast kernel: TCP: Hash tables configured (established 1024 bind 2048)
Jan  1 09:00:57 dreamcast kernel: pci_alloc_consistent: 6144 bytes at 0x01840000
Jan  1 09:00:57 dreamcast kernel: pci_alloc_consistent: 18448 bytes at 0x01842000
Jan  1 09:00:57 dreamcast kernel: eth0: Setting 100mbps full-duplex based on auto-negotiated partner ability 45e1.
Jan  1 09:00:57 dreamcast kernel: maple(0,0): Connected(function 0x40)
Jan  1 09:00:57 dreamcast kernel: keybdev.c: Adding keyboard: input0
Jan  1 09:00:57 dreamcast kernel: input0: keyboard(0x1020080): Keyboard
Jan  1 09:00:57 dreamcast kernel: maple(1,0): Connected(function 0x200)
Jan  1 09:00:58 dreamcast kernel: mouse0: PS/2 mouse device for input1
Jan  1 09:00:58 dreamcast kernel: input1: mouse(0xe0700): Dreamcast Mouse
Jan  1 09:00:58 dreamcast kernel: maple(3,0): Connected(function 0x1)
Jan  1 09:00:58 dreamcast kernel: input2: controller(0x700fe): Racing Controller
Jan  1 09:00:58 dreamcast kernel: Sending DHCP requests ., OK
Jan  1 09:00:58 dreamcast kernel: IP-Config: Got DHCP answer from 192.168.0.254, my address is 192.168.0.248
Jan  1 09:00:58 dreamcast kernel: IP-Config: Complete:
Jan  1 09:00:58 dreamcast kernel:       device=eth0, addr=192.168.0.248, mask=255.255.255.0, gw=192.168.0.254,
Jan  1 09:00:58 dreamcast kernel:      host=192.168.0.248, domain=ta.keshi.org, nis-domain=(none),
Jan  1 09:00:58 dreamcast kernel:      bootserver=192.168.0.254, rootserver=192.168.0.254, rootpath=
Jan  1 09:00:58 dreamcast kernel: NET4: Unix domain sockets 1.0/SMP for Linux NET4.0.
Jan  1 09:00:58 dreamcast kernel: Looking up port of RPC 100003/2 on 192.168.0.254
Jan  1 09:00:58 dreamcast kernel: Looking up port of RPC 100005/2 on 192.168.0.254
Jan  1 09:00:58 dreamcast kernel: VFS: Mounted root (nfs filesystem).
Jan  1 09:00:58 dreamcast kernel: Mounted devfs on /dev
Jan  1 09:00:58 dreamcast kernel: Freeing unused kernel memory: 184k freed
Jan  1 09:00:54 dreamcast syslogd 1.4.1#2: restart.
Jan  1 09:00:56 dreamcast kernel: klogd 1.4.1#2, log source = /proc/kmsg started.
Jan  1 09:00:56 dreamcast kernel: Cannot find map file.
Jan  1 09:00:56 dreamcast kernel: No module symbols loaded.
Jan  1 09:00:56 dreamcast kernel: Linux version 2.4.5 (yaegashi@aragorn) (gcc version 3.1 20010501 (experimental)) #9 2001年 5月 29日 火曜日 00:53:59 JST
Jan  1 09:00:56 dreamcast kernel: SEGA Dreamcast support.
Jan  1 09:00:56 dreamcast kernel: On node 0 totalpages: 4096
Jan  1 09:00:56 dreamcast kernel: zone(0): 4096 pages.
Jan  1 09:00:56 dreamcast kernel: zone(1): 0 pages.
Jan  1 09:00:56 dreamcast kernel: zone(2): 0 pages.
Jan  1 09:00:56 dreamcast kernel: Kernel command line: mem=16M console=ttySC1,115200 console=tty0 ip=on
Jan  1 09:00:56 dreamcast kernel: CPU clock: 200.00MHz
Jan  1 09:00:56 dreamcast kernel: Bus clock: 100.00MHz
Jan  1 09:00:56 dreamcast kernel: Module clock: 50.00MHz
Jan  1 09:00:56 dreamcast kernel: Interval = 125000
Jan  1 09:00:56 dreamcast kernel: Console: colour dummy device 80x25
Jan  1 09:00:56 dreamcast kernel: Calibrating delay loop... 199.47 BogoMIPS
Jan  1 09:00:56 dreamcast kernel: Memory: 14520k/16384k available (1158k kernel code, 1864k reserved, 56k data, 184k init)
Jan  1 09:00:56 dreamcast kernel: Dentry-cache hash table entries: 2048 (order: 2, 16384 bytes)
Jan  1 09:00:56 dreamcast kernel: Inode-cache hash table entries: 1024 (order: 1, 8192 bytes)
Jan  1 09:00:56 dreamcast kernel: Buffer-cache hash table entries: 1024 (order: 0, 4096 bytes)
Jan  1 09:00:56 dreamcast kernel: Page-cache hash table entries: 4096 (order: 2, 16384 bytes)
Jan  1 09:00:56 dreamcast kernel: CPU: SH7750/SH7751
Jan  1 09:00:56 dreamcast kernel: POSIX conformance testing by UNIFIX
Jan  1 09:00:56 dreamcast kernel: PCI: MMIO fixup to Sega Corporation Broadband Adapter
Jan  1 09:00:56 dreamcast kernel: Linux NET4.0 for Linux 2.4
Jan  1 09:00:56 dreamcast kernel: Based upon Swansea University Computer Society NET3.039
Jan  1 09:00:56 dreamcast kernel: Starting kswapd v1.8
Jan  1 09:00:56 dreamcast kernel: devfs: v0.102 (20000622) Richard Gooch (rgooch@atnf.csiro.au)
Jan  1 09:00:56 dreamcast kernel: devfs: boot_options: 0x0
Jan  1 09:00:56 dreamcast kernel: Console: switching to colour frame buffer device 80x30
Jan  1 09:00:56 dreamcast kernel: fb0: NEC PowerVR2 frame buffer device, using 600k/8192k of video memory
Jan  1 09:00:56 dreamcast kernel: fb0: Mode 640x480-16 pitch = 1280 cable: VGA video output: VGA
Jan  1 09:00:56 dreamcast kernel: pty: 256 Unix98 ptys configured
Jan  1 09:00:56 dreamcast kernel: SuperH SCI(F) driver initialized
Jan  1 09:00:56 dreamcast kernel: ttySC0 at 0xffe00000 is a SCI
Jan  1 09:00:56 dreamcast kernel: ttySC1 at 0xffe80000 is a SCIF
Jan  1 09:00:56 dreamcast kernel: maple: registered driver: Dreamcast controller (function 0x1)
Jan  1 09:00:56 dreamcast kernel: maple: registered driver: Dreamcast keyboard (function 0x40)
Jan  1 09:00:56 dreamcast kernel: maple: registered driver: Dreamcast mouse (function 0x200)
Jan  1 09:00:56 dreamcast kernel: Real Time Clock Driver v1.10d
Jan  1 09:00:56 dreamcast kernel: block: queued sectors max/low 9258kB/3086kB, 64 slots per queue
Jan  1 09:00:56 dreamcast kernel: RAMDISK driver initialized: 16 RAM disks of 4096K size 1024 blocksize
Jan  1 09:00:56 dreamcast kernel: loop: loaded (max 8 devices)
Jan  1 09:00:56 dreamcast kernel: 8139too Fast Ethernet driver 0.9.17
Jan  1 09:00:56 dreamcast kernel: PCI: enabling device 00:00.0 (0006 -> 0007)
Jan  1 09:00:56 dreamcast kernel: eth0: SEGA Broadband Adapter at 0xa1001700, 00:d0:f1:02:3a:6f, IRQ 83
Jan  1 09:00:56 dreamcast kernel: mice: PS/2 mouse device common for all mice
Jan  1 09:00:56 dreamcast kernel: SEGA Dreamcast MAPLE Bus drivers
Jan  1 09:00:56 dreamcast kernel: maple: registered driver: Dummy (function 0x0)
Jan  1 09:00:56 dreamcast kernel: NET4: Linux TCP/IP 1.0 for NET4.0
Jan  1 09:00:56 dreamcast kernel: IP Protocols: ICMP, UDP, TCP
Jan  1 09:00:56 dreamcast kernel: IP: routing cache hash table of 512 buckets, 4Kbytes
Jan  1 09:00:56 dreamcast kernel: TCP: Hash tables configured (established 1024 bind 2048)
Jan  1 09:00:56 dreamcast kernel: pci_alloc_consistent: 6144 bytes at 0x01840000
Jan  1 09:00:56 dreamcast kernel: pci_alloc_consistent: 18448 bytes at 0x01842000
Jan  1 09:00:56 dreamcast kernel: eth0: Setting 100mbps full-duplex based on auto-negotiated partner ability 45e1.
Jan  1 09:00:56 dreamcast kernel: maple(0,0): Connected(function 0x40)
Jan  1 09:00:56 dreamcast kernel: keybdev.c: Adding keyboard: input0
Jan  1 09:00:56 dreamcast kernel: input0: keyboard(0x1020080): Keyboard
Jan  1 09:00:57 dreamcast kernel: maple(1,0): Connected(function 0x200)
Jan  1 09:00:57 dreamcast kernel: mouse0: PS/2 mouse device for input1
Jan  1 09:00:57 dreamcast kernel: input1: mouse(0xe0700): Dreamcast Mouse
Jan  1 09:00:57 dreamcast kernel: maple(3,0): Connected(function 0x1)
Jan  1 09:00:57 dreamcast kernel: input2: controller(0x700fe): Racing Controller
Jan  1 09:00:57 dreamcast kernel: Sending DHCP requests ., OK
Jan  1 09:00:57 dreamcast kernel: IP-Config: Got DHCP answer from 192.168.0.254, my address is 192.168.0.248
Jan  1 09:00:57 dreamcast kernel: IP-Config: Complete:
Jan  1 09:00:57 dreamcast kernel:       device=eth0, addr=192.168.0.248, mask=255.255.255.0, gw=192.168.0.254,
Jan  1 09:00:57 dreamcast kernel:      host=192.168.0.248, domain=ta.keshi.org, nis-domain=(none),
Jan  1 09:00:57 dreamcast kernel:      bootserver=192.168.0.254, rootserver=192.168.0.254, rootpath=
Jan  1 09:00:57 dreamcast kernel: NET4: Unix domain sockets 1.0/SMP for Linux NET4.0.
Jan  1 09:00:57 dreamcast kernel: Looking up port of RPC 100003/2 on 192.168.0.254
Jan  1 09:00:57 dreamcast kernel: Looking up port of RPC 100005/2 on 192.168.0.254
Jan  1 09:00:57 dreamcast kernel: VFS: Mounted root (nfs filesystem).
Jan  1 09:00:57 dreamcast kernel: Mounted devfs on /dev
Jan  1 09:00:57 dreamcast kernel: Freeing unused kernel memory: 184k freed
Jan  1 09:00:55 dreamcast syslogd 1.4.1#2: restart.
Jan  1 09:00:57 dreamcast kernel: klogd 1.4.1#2, log source = /proc/kmsg started.
Jan  1 09:00:57 dreamcast kernel: Cannot find map file.
Jan  1 09:00:57 dreamcast kernel: No module symbols loaded.
Jan  1 09:00:57 dreamcast kernel: Linux version 2.4.5 (yaegashi@aragorn) (gcc version 3.1 20010501 (experimental)) #10 2001年 5月 29日 火曜日 01:03:46 JST
Jan  1 09:00:57 dreamcast kernel: SEGA Dreamcast support.
Jan  1 09:00:57 dreamcast kernel: On node 0 totalpages: 4096
Jan  1 09:00:57 dreamcast kernel: zone(0): 4096 pages.
Jan  1 09:00:57 dreamcast kernel: zone(1): 0 pages.
Jan  1 09:00:57 dreamcast kernel: zone(2): 0 pages.
Jan  1 09:00:57 dreamcast kernel: Kernel command line: mem=16M console=ttySC1,115200 console=tty0 ip=on
Jan  1 09:00:57 dreamcast kernel: CPU clock: 200.00MHz
Jan  1 09:00:57 dreamcast kernel: Bus clock: 100.00MHz
Jan  1 09:00:57 dreamcast kernel: Module clock: 50.00MHz
Jan  1 09:00:57 dreamcast kernel: Interval = 125000
Jan  1 09:00:57 dreamcast kernel: Console: colour dummy device 80x25
Jan  1 09:00:57 dreamcast kernel: Calibrating delay loop... 199.47 BogoMIPS
Jan  1 09:00:57 dreamcast kernel: Memory: 14520k/16384k available (1158k kernel code, 1864k reserved, 56k data, 184k init)
Jan  1 09:00:57 dreamcast kernel: Dentry-cache hash table entries: 2048 (order: 2, 16384 bytes)
Jan  1 09:00:57 dreamcast kernel: Inode-cache hash table entries: 1024 (order: 1, 8192 bytes)
Jan  1 09:00:57 dreamcast kernel: Buffer-cache hash table entries: 1024 (order: 0, 4096 bytes)
Jan  1 09:00:57 dreamcast kernel: Page-cache hash table entries: 4096 (order: 2, 16384 bytes)
Jan  1 09:00:57 dreamcast kernel: CPU: SH7750/SH7751
Jan  1 09:00:57 dreamcast kernel: POSIX conformance testing by UNIFIX
Jan  1 09:00:57 dreamcast kernel: PCI: MMIO fixup to Sega Corporation Broadband Adapter
Jan  1 09:00:57 dreamcast kernel: Linux NET4.0 for Linux 2.4
Jan  1 09:00:57 dreamcast kernel: Based upon Swansea University Computer Society NET3.039
Jan  1 09:00:57 dreamcast kernel: Starting kswapd v1.8
Jan  1 09:00:57 dreamcast kernel: devfs: v0.102 (20000622) Richard Gooch (rgooch@atnf.csiro.au)
Jan  1 09:00:57 dreamcast kernel: devfs: boot_options: 0x0
Jan  1 09:00:58 dreamcast kernel: Console: switching to colour frame buffer device 80x30
Jan  1 09:00:58 dreamcast kernel: fb0: NEC PowerVR2 frame buffer device, using 600k/8192k of video memory
Jan  1 09:00:58 dreamcast kernel: fb0: Mode 640x480-16 pitch = 1280 cable: VGA video output: VGA
Jan  1 09:00:58 dreamcast kernel: pty: 256 Unix98 ptys configured
Jan  1 09:00:58 dreamcast kernel: SuperH SCI(F) driver initialized
Jan  1 09:00:58 dreamcast kernel: ttySC0 at 0xffe00000 is a SCI
Jan  1 09:00:58 dreamcast kernel: ttySC1 at 0xffe80000 is a SCIF
Jan  1 09:00:58 dreamcast kernel: maple: registered driver: Dreamcast controller (function 0x1)
Jan  1 09:00:58 dreamcast kernel: maple: registered driver: Dreamcast keyboard (function 0x40)
Jan  1 09:00:58 dreamcast kernel: maple: registered driver: Dreamcast mouse (function 0x200)
Jan  1 09:00:58 dreamcast kernel: Real Time Clock Driver v1.10d
Jan  1 09:00:58 dreamcast kernel: block: queued sectors max/low 9258kB/3086kB, 64 slots per queue
Jan  1 09:00:58 dreamcast kernel: RAMDISK driver initialized: 16 RAM disks of 4096K size 1024 blocksize
Jan  1 09:00:58 dreamcast kernel: loop: loaded (max 8 devices)
Jan  1 09:00:58 dreamcast kernel: 8139too Fast Ethernet driver 0.9.17
Jan  1 09:00:58 dreamcast kernel: PCI: enabling device 00:00.0 (0006 -> 0007)
Jan  1 09:00:58 dreamcast kernel: eth0: SEGA Broadband Adapter at 0xa1001700, 00:d0:f1:02:3a:6f, IRQ 83
Jan  1 09:00:58 dreamcast kernel: mice: PS/2 mouse device common for all mice
Jan  1 09:00:58 dreamcast kernel: SEGA Dreamcast MAPLE Bus drivers
Jan  1 09:00:58 dreamcast kernel: maple: registered driver: Dummy (function 0x0)
Jan  1 09:00:58 dreamcast kernel: NET4: Linux TCP/IP 1.0 for NET4.0
Jan  1 09:00:58 dreamcast kernel: IP Protocols: ICMP, UDP, TCP
Jan  1 09:00:58 dreamcast kernel: IP: routing cache hash table of 512 buckets, 4Kbytes
Jan  1 09:00:58 dreamcast kernel: TCP: Hash tables configured (established 1024 bind 2048)
Jan  1 09:00:58 dreamcast kernel: pci_alloc_consistent: 6144 bytes at 0x01840000
Jan  1 09:00:58 dreamcast kernel: pci_alloc_consistent: 18448 bytes at 0x01842000
Jan  1 09:00:58 dreamcast kernel: eth0: Setting 100mbps full-duplex based on auto-negotiated partner ability 45e1.
Jan  1 09:00:58 dreamcast kernel: maple(0,0): Connected(function 0x40)
Jan  1 09:00:58 dreamcast kernel: keybdev.c: Adding keyboard: input0
Jan  1 09:00:58 dreamcast kernel: input0: keyboard(0x1020080): Keyboard
Jan  1 09:00:58 dreamcast kernel: maple(1,0): Connected(function 0x200)
Jan  1 09:00:58 dreamcast kernel: mouse0: PS/2 mouse device for input1
Jan  1 09:00:58 dreamcast kernel: input1: mouse(0xe0700): Dreamcast Mouse
Jan  1 09:00:58 dreamcast kernel: maple(3,0): Connected(function 0x1)
Jan  1 09:00:58 dreamcast kernel: input2: controller(0x700fe): Racing Controller
Jan  1 09:00:58 dreamcast kernel: Sending DHCP requests ., OK
Jan  1 09:00:58 dreamcast kernel: IP-Config: Got DHCP answer from 192.168.0.254, my address is 192.168.0.248
Jan  1 09:00:58 dreamcast kernel: IP-Config: Complete:
Jan  1 09:00:58 dreamcast kernel:       device=eth0, addr=192.168.0.248, mask=255.255.255.0, gw=192.168.0.254,
Jan  1 09:00:58 dreamcast kernel:      host=192.168.0.248, domain=ta.keshi.org, nis-domain=(none),
Jan  1 09:00:58 dreamcast kernel:      bootserver=192.168.0.254, rootserver=192.168.0.254, rootpath=
Jan  1 09:00:58 dreamcast kernel: NET4: Unix domain sockets 1.0/SMP for Linux NET4.0.
Jan  1 09:00:58 dreamcast kernel: Looking up port of RPC 100003/2 on 192.168.0.254
Jan  1 09:00:58 dreamcast kernel: Looking up port of RPC 100005/2 on 192.168.0.254
Jan  1 09:00:58 dreamcast kernel: VFS: Mounted root (nfs filesystem).
Jan  1 09:00:58 dreamcast kernel: Mounted devfs on /dev
Jan  1 09:00:58 dreamcast kernel: Freeing unused kernel memory: 184k freed
Jan  1 09:00:55 dreamcast syslogd 1.4.1#2: restart.
Jan  1 09:00:58 dreamcast kernel: klogd 1.4.1#2, log source = /proc/kmsg started.
Jan  1 09:00:58 dreamcast kernel: Cannot find map file.
Jan  1 09:00:58 dreamcast kernel: No module symbols loaded.
Jan  1 09:00:58 dreamcast kernel: Linux version 2.4.5 (yaegashi@aragorn) (gcc version 3.1 20010501 (experimental)) #11 2001年 5月 29日 火曜日 01:09:24 JST
Jan  1 09:00:58 dreamcast kernel: SEGA Dreamcast support.
Jan  1 09:00:58 dreamcast kernel: On node 0 totalpages: 4096
Jan  1 09:00:58 dreamcast kernel: zone(0): 4096 pages.
Jan  1 09:00:58 dreamcast kernel: zone(1): 0 pages.
Jan  1 09:00:58 dreamcast kernel: zone(2): 0 pages.
Jan  1 09:00:58 dreamcast kernel: Kernel command line: mem=16M console=ttySC1,115200 console=tty0 ip=on
Jan  1 09:00:58 dreamcast kernel: CPU clock: 200.00MHz
Jan  1 09:00:58 dreamcast kernel: Bus clock: 100.00MHz
Jan  1 09:00:58 dreamcast kernel: Module clock: 50.00MHz
Jan  1 09:00:58 dreamcast kernel: Interval = 125000
Jan  1 09:00:58 dreamcast kernel: Console: colour dummy device 80x25
Jan  1 09:00:58 dreamcast kernel: Calibrating delay loop... 199.47 BogoMIPS
Jan  1 09:00:58 dreamcast kernel: Memory: 14520k/16384k available (1158k kernel code, 1864k reserved, 56k data, 184k init)
Jan  1 09:00:58 dreamcast kernel: Dentry-cache hash table entries: 2048 (order: 2, 16384 bytes)
Jan  1 09:00:58 dreamcast kernel: Inode-cache hash table entries: 1024 (order: 1, 8192 bytes)
Jan  1 09:00:58 dreamcast kernel: Buffer-cache hash table entries: 1024 (order: 0, 4096 bytes)
Jan  1 09:00:58 dreamcast kernel: Page-cache hash table entries: 4096 (order: 2, 16384 bytes)
Jan  1 09:00:58 dreamcast kernel: CPU: SH7750/SH7751
Jan  1 09:00:58 dreamcast kernel: POSIX conformance testing by UNIFIX
Jan  1 09:00:58 dreamcast kernel: PCI: MMIO fixup to Sega Corporation Broadband Adapter
Jan  1 09:00:58 dreamcast kernel: Linux NET4.0 for Linux 2.4
Jan  1 09:00:58 dreamcast kernel: Based upon Swansea University Computer Society NET3.039
Jan  1 09:00:58 dreamcast kernel: Starting kswapd v1.8
Jan  1 09:00:58 dreamcast kernel: devfs: v0.102 (20000622) Richard Gooch (rgooch@atnf.csiro.au)
Jan  1 09:00:58 dreamcast kernel: devfs: boot_options: 0x0
Jan  1 09:00:58 dreamcast kernel: Console: switching to colour frame buffer device 80x30
Jan  1 09:00:58 dreamcast kernel: fb0: NEC PowerVR2 frame buffer device, using 1200k/8192k of video memory
Jan  1 09:00:58 dreamcast kernel: fb0: Mode 640x480-32 pitch = 2560 cable: VGA video output: VGA
Jan  1 09:00:58 dreamcast kernel: pty: 256 Unix98 ptys configured
Jan  1 09:00:58 dreamcast kernel: SuperH SCI(F) driver initialized
Jan  1 09:00:58 dreamcast kernel: ttySC0 at 0xffe00000 is a SCI
Jan  1 09:00:58 dreamcast kernel: ttySC1 at 0xffe80000 is a SCIF
Jan  1 09:00:58 dreamcast kernel: maple: registered driver: Dreamcast controller (function 0x1)
Jan  1 09:00:58 dreamcast kernel: maple: registered driver: Dreamcast keyboard (function 0x40)
Jan  1 09:00:58 dreamcast kernel: maple: registered driver: Dreamcast mouse (function 0x200)
Jan  1 09:00:58 dreamcast kernel: Real Time Clock Driver v1.10d
Jan  1 09:00:58 dreamcast kernel: block: queued sectors max/low 9514kB/3171kB, 64 slots per queue
Jan  1 09:00:58 dreamcast kernel: RAMDISK driver initialized: 16 RAM disks of 4096K size 1024 blocksize
Jan  1 09:00:58 dreamcast kernel: loop: loaded (max 8 devices)
Jan  1 09:00:58 dreamcast kernel: 8139too Fast Ethernet driver 0.9.17
Jan  1 09:00:58 dreamcast kernel: PCI: enabling device 00:00.0 (0006 -> 0007)
Jan  1 09:00:58 dreamcast kernel: eth0: SEGA Broadband Adapter at 0xa1001700, 00:d0:f1:02:3a:6f, IRQ 83
Jan  1 09:00:58 dreamcast kernel: mice: PS/2 mouse device common for all mice
Jan  1 09:00:58 dreamcast kernel: SEGA Dreamcast MAPLE Bus drivers
Jan  1 09:00:59 dreamcast kernel: maple: registered driver: Dummy (function 0x0)
Jan  1 09:00:59 dreamcast kernel: NET4: Linux TCP/IP 1.0 for NET4.0
Jan  1 09:00:59 dreamcast kernel: IP Protocols: ICMP, UDP, TCP
Jan  1 09:00:59 dreamcast kernel: IP: routing cache hash table of 512 buckets, 4Kbytes
Jan  1 09:00:59 dreamcast kernel: TCP: Hash tables configured (established 1024 bind 2048)
Jan  1 09:00:59 dreamcast kernel: pci_alloc_consistent: 6144 bytes at 0x01840000
Jan  1 09:00:59 dreamcast kernel: pci_alloc_consistent: 18448 bytes at 0x01842000
Jan  1 09:00:59 dreamcast kernel: eth0: Setting 100mbps full-duplex based on auto-negotiated partner ability 45e1.
Jan  1 09:00:59 dreamcast kernel: maple(0,0): Connected(function 0x40)
Jan  1 09:00:59 dreamcast kernel: keybdev.c: Adding keyboard: input0
Jan  1 09:00:59 dreamcast kernel: input0: keyboard(0x1020080): Keyboard
Jan  1 09:00:59 dreamcast kernel: maple(1,0): Connected(function 0x200)
Jan  1 09:00:59 dreamcast kernel: mouse0: PS/2 mouse device for input1
Jan  1 09:00:59 dreamcast kernel: input1: mouse(0xe0700): Dreamcast Mouse
Jan  1 09:00:59 dreamcast kernel: maple(3,0): Connected(function 0x1)
Jan  1 09:00:59 dreamcast kernel: input2: controller(0x700fe): Racing Controller
Jan  1 09:00:59 dreamcast kernel: Sending DHCP requests ., OK
Jan  1 09:00:59 dreamcast kernel: IP-Config: Got DHCP answer from 192.168.0.254, my address is 192.168.0.248
Jan  1 09:00:59 dreamcast kernel: IP-Config: Complete:
Jan  1 09:00:59 dreamcast kernel:       device=eth0, addr=192.168.0.248, mask=255.255.255.0, gw=192.168.0.254,
Jan  1 09:00:59 dreamcast kernel:      host=192.168.0.248, domain=ta.keshi.org, nis-domain=(none),
Jan  1 09:00:59 dreamcast kernel:      bootserver=192.168.0.254, rootserver=192.168.0.254, rootpath=
Jan  1 09:00:59 dreamcast kernel: NET4: Unix domain sockets 1.0/SMP for Linux NET4.0.
Jan  1 09:00:59 dreamcast kernel: Looking up port of RPC 100003/2 on 192.168.0.254
Jan  1 09:00:59 dreamcast kernel: Looking up port of RPC 100005/2 on 192.168.0.254
Jan  1 09:00:59 dreamcast kernel: VFS: Mounted root (nfs filesystem).
Jan  1 09:00:59 dreamcast kernel: Mounted devfs on /dev
Jan  1 09:00:59 dreamcast kernel: Freeing unused kernel memory: 184k freed
Jan  1 09:02:15 dreamcast kernel: eth0: Too much work at interrupt, IntrStatus=0x0010.
Jan  1 09:02:15 dreamcast kernel: eth0: Too much work at interrupt, IntrStatus=0x0040.
Jan  1 09:02:15 dreamcast kernel: eth0: Too much work at interrupt, IntrStatus=0x0040.
Jan  1 09:02:16 dreamcast kernel: eth0: Too much work at interrupt, IntrStatus=0x0010.
Jan  1 09:02:16 dreamcast kernel: eth0: Too much work at interrupt, IntrStatus=0x0010.
Jan  1 09:02:16 dreamcast kernel: eth0: Too much work at interrupt, IntrStatus=0x0040.
Jan  1 09:02:32 dreamcast kernel: eth0: Too much work at interrupt, IntrStatus=0x0010.
Jan  1 09:02:32 dreamcast kernel: eth0: Too much work at interrupt, IntrStatus=0x0010.
Jan  1 09:02:32 dreamcast kernel: eth0: Too much work at interrupt, IntrStatus=0x0040.
Jan  1 09:02:32 dreamcast kernel: eth0: Too much work at interrupt, IntrStatus=0x0010.
Jan  1 09:02:42 dreamcast kernel: eth0: Too much work at interrupt, IntrStatus=0x0040.
Jan  1 09:02:42 dreamcast kernel: eth0: Too much work at interrupt, IntrStatus=0x0010.
Jan  1 09:02:50 dreamcast kernel: eth0: Too much work at interrupt, IntrStatus=0x0010.
Jan  1 09:02:50 dreamcast kernel: eth0: Too much work at interrupt, IntrStatus=0x0040.
Jan  1 09:00:53 dreamcast syslogd 1.4.1#2: restart.
Jan  1 09:00:56 dreamcast kernel: klogd 1.4.1#2, log source = /proc/kmsg started.
Jan  1 09:00:56 dreamcast kernel: Cannot find map file.
Jan  1 09:00:56 dreamcast kernel: No module symbols loaded.
Jan  1 09:00:56 dreamcast kernel: Linux version 2.4.5 (yaegashi@aragorn) (gcc version 3.1 20010501 (experimental)) #12 2001年 5月 29日 火曜日 01:28:39 JST
Jan  1 09:00:56 dreamcast kernel: SEGA Dreamcast support.
Jan  1 09:00:56 dreamcast kernel: On node 0 totalpages: 4096
Jan  1 09:00:56 dreamcast kernel: zone(0): 4096 pages.
Jan  1 09:00:56 dreamcast kernel: zone(1): 0 pages.
Jan  1 09:00:56 dreamcast kernel: zone(2): 0 pages.
Jan  1 09:00:56 dreamcast kernel: Kernel command line: mem=16M console=ttySC1,115200 console=tty0 ip=on
Jan  1 09:00:56 dreamcast kernel: CPU clock: 200.00MHz
Jan  1 09:00:56 dreamcast kernel: Bus clock: 100.00MHz
Jan  1 09:00:56 dreamcast kernel: Module clock: 50.00MHz
Jan  1 09:00:56 dreamcast kernel: Interval = 125000
Jan  1 09:00:56 dreamcast kernel: Console: colour dummy device 80x25
Jan  1 09:00:56 dreamcast kernel: Calibrating delay loop... 199.47 BogoMIPS
Jan  1 09:00:56 dreamcast kernel: Memory: 14520k/16384k available (1158k kernel code, 1864k reserved, 56k data, 184k init)
Jan  1 09:00:56 dreamcast kernel: Dentry-cache hash table entries: 2048 (order: 2, 16384 bytes)
Jan  1 09:00:56 dreamcast kernel: Inode-cache hash table entries: 1024 (order: 1, 8192 bytes)
Jan  1 09:00:56 dreamcast kernel: Buffer-cache hash table entries: 1024 (order: 0, 4096 bytes)
Jan  1 09:00:56 dreamcast kernel: Page-cache hash table entries: 4096 (order: 2, 16384 bytes)
Jan  1 09:00:56 dreamcast kernel: CPU: SH7750/SH7751
Jan  1 09:00:56 dreamcast kernel: POSIX conformance testing by UNIFIX
Jan  1 09:00:56 dreamcast kernel: PCI: MMIO fixup to Sega Corporation Broadband Adapter
Jan  1 09:00:56 dreamcast kernel: Linux NET4.0 for Linux 2.4
Jan  1 09:00:56 dreamcast kernel: Based upon Swansea University Computer Society NET3.039
Jan  1 09:00:56 dreamcast kernel: Starting kswapd v1.8
Jan  1 09:00:56 dreamcast kernel: devfs: v0.102 (20000622) Richard Gooch (rgooch@atnf.csiro.au)
Jan  1 09:00:56 dreamcast kernel: devfs: boot_options: 0x0
Jan  1 09:00:56 dreamcast kernel: Console: switching to colour frame buffer device 80x30
Jan  1 09:00:56 dreamcast kernel: fb0: NEC PowerVR2 frame buffer device, using 1200k/8192k of video memory
Jan  1 09:00:56 dreamcast kernel: fb0: Mode 640x480-32 pitch = 2560 cable: VGA video output: VGA
Jan  1 09:00:56 dreamcast kernel: pty: 256 Unix98 ptys configured
Jan  1 09:00:56 dreamcast kernel: SuperH SCI(F) driver initialized
Jan  1 09:00:56 dreamcast kernel: ttySC0 at 0xffe00000 is a SCI
Jan  1 09:00:56 dreamcast kernel: ttySC1 at 0xffe80000 is a SCIF
Jan  1 09:00:56 dreamcast kernel: maple: registered driver: Dreamcast controller (function 0x1)
Jan  1 09:00:56 dreamcast kernel: maple: registered driver: Dreamcast keyboard (function 0x40)
Jan  1 09:00:56 dreamcast kernel: maple: registered driver: Dreamcast mouse (function 0x200)
Jan  1 09:00:56 dreamcast kernel: Real Time Clock Driver v1.10d
Jan  1 09:00:56 dreamcast kernel: block: queued sectors max/low 9514kB/3171kB, 64 slots per queue
Jan  1 09:00:56 dreamcast kernel: RAMDISK driver initialized: 16 RAM disks of 4096K size 1024 blocksize
Jan  1 09:00:56 dreamcast kernel: loop: loaded (max 8 devices)
Jan  1 09:00:56 dreamcast kernel: 8139too Fast Ethernet driver 0.9.17
Jan  1 09:00:56 dreamcast kernel: PCI: enabling device 00:00.0 (0006 -> 0007)
Jan  1 09:00:56 dreamcast kernel: eth0: SEGA Broadband Adapter at 0xa1001700, 00:d0:f1:02:3a:6f, IRQ 83
Jan  1 09:00:56 dreamcast kernel: mice: PS/2 mouse device common for all mice
Jan  1 09:00:56 dreamcast kernel: SEGA Dreamcast MAPLE Bus drivers
Jan  1 09:00:57 dreamcast kernel: maple: registered driver: Dummy (function 0x0)
Jan  1 09:00:57 dreamcast kernel: NET4: Linux TCP/IP 1.0 for NET4.0
Jan  1 09:00:57 dreamcast kernel: IP Protocols: ICMP, UDP, TCP
Jan  1 09:00:57 dreamcast kernel: IP: routing cache hash table of 512 buckets, 4Kbytes
Jan  1 09:00:57 dreamcast kernel: TCP: Hash tables configured (established 1024 bind 2048)
Jan  1 09:00:57 dreamcast kernel: pci_alloc_consistent: 6144 bytes at 0x01840000
Jan  1 09:00:57 dreamcast kernel: pci_alloc_consistent: 18448 bytes at 0x01842000
Jan  1 09:00:57 dreamcast kernel: eth0: Setting 100mbps full-duplex based on auto-negotiated partner ability 45e1.
Jan  1 09:00:57 dreamcast kernel: maple(0,0): Connected(function 0x40)
Jan  1 09:00:57 dreamcast kernel: keybdev.c: Adding keyboard: input0
Jan  1 09:00:57 dreamcast kernel: input0: keyboard(0x1020080): Keyboard
Jan  1 09:00:57 dreamcast kernel: maple(1,0): Connected(function 0x200)
Jan  1 09:00:57 dreamcast kernel: mouse0: PS/2 mouse device for input1
Jan  1 09:00:57 dreamcast kernel: input1: mouse(0xe0700): Dreamcast Mouse
Jan  1 09:00:57 dreamcast kernel: maple(3,0): Connected(function 0x1)
Jan  1 09:00:57 dreamcast kernel: input2: controller(0x700fe): Racing Controller
Jan  1 09:00:57 dreamcast kernel: Sending DHCP requests ., OK
Jan  1 09:00:57 dreamcast kernel: IP-Config: Got DHCP answer from 192.168.0.254, my address is 192.168.0.248
Jan  1 09:00:57 dreamcast kernel: IP-Config: Complete:
Jan  1 09:00:57 dreamcast kernel:       device=eth0, addr=192.168.0.248, mask=255.255.255.0, gw=192.168.0.254,
Jan  1 09:00:57 dreamcast kernel:      host=192.168.0.248, domain=ta.keshi.org, nis-domain=(none),
Jan  1 09:00:57 dreamcast kernel:      bootserver=192.168.0.254, rootserver=192.168.0.254, rootpath=
Jan  1 09:00:57 dreamcast kernel: NET4: Unix domain sockets 1.0/SMP for Linux NET4.0.
Jan  1 09:00:57 dreamcast kernel: Looking up port of RPC 100003/2 on 192.168.0.254
Jan  1 09:00:57 dreamcast kernel: Looking up port of RPC 100005/2 on 192.168.0.254
Jan  1 09:00:57 dreamcast kernel: VFS: Mounted root (nfs filesystem).
Jan  1 09:00:57 dreamcast kernel: Mounted devfs on /dev
Jan  1 09:00:57 dreamcast kernel: Freeing unused kernel memory: 184k freed
Jan  1 09:00:54 dreamcast syslogd 1.4.1#2: restart.
Jan  1 09:00:57 dreamcast kernel: klogd 1.4.1#2, log source = /proc/kmsg started.
Jan  1 09:00:57 dreamcast kernel: Cannot find map file.
Jan  1 09:00:57 dreamcast kernel: No module symbols loaded.
Jan  1 09:00:57 dreamcast kernel: Linux version 2.4.5 (yaegashi@aragorn) (gcc version 3.1 20010501 (experimental)) #14 2001年 5月 29日 火曜日 01:38:09 JST
Jan  1 09:00:57 dreamcast kernel: SEGA Dreamcast support.
Jan  1 09:00:57 dreamcast kernel: On node 0 totalpages: 4096
Jan  1 09:00:57 dreamcast kernel: zone(0): 4096 pages.
Jan  1 09:00:57 dreamcast kernel: zone(1): 0 pages.
Jan  1 09:00:57 dreamcast kernel: zone(2): 0 pages.
Jan  1 09:00:57 dreamcast kernel: Kernel command line: mem=16M console=ttySC1,115200 console=tty0 ip=on debug
Jan  1 09:00:57 dreamcast kernel: CPU clock: 200.00MHz
Jan  1 09:00:57 dreamcast kernel: Bus clock: 100.00MHz
Jan  1 09:00:57 dreamcast kernel: Module clock: 50.00MHz
Jan  1 09:00:57 dreamcast kernel: Interval = 125000
Jan  1 09:00:57 dreamcast kernel: Console: colour dummy device 80x25
Jan  1 09:00:57 dreamcast kernel: Calibrating delay loop... 199.47 BogoMIPS
Jan  1 09:00:57 dreamcast kernel: Memory: 14520k/16384k available (1158k kernel code, 1864k reserved, 56k data, 184k init)
Jan  1 09:00:57 dreamcast kernel: Dentry-cache hash table entries: 2048 (order: 2, 16384 bytes)
Jan  1 09:00:57 dreamcast kernel: Inode-cache hash table entries: 1024 (order: 1, 8192 bytes)
Jan  1 09:00:57 dreamcast kernel: Buffer-cache hash table entries: 1024 (order: 0, 4096 bytes)
Jan  1 09:00:57 dreamcast kernel: Page-cache hash table entries: 4096 (order: 2, 16384 bytes)
Jan  1 09:00:57 dreamcast kernel: CPU: SH7750/SH7751
Jan  1 09:00:57 dreamcast kernel: POSIX conformance testing by UNIFIX
Jan  1 09:00:57 dreamcast kernel: PCI: MMIO fixup to Sega Corporation Broadband Adapter
Jan  1 09:00:57 dreamcast kernel: Linux NET4.0 for Linux 2.4
Jan  1 09:00:57 dreamcast kernel: Based upon Swansea University Computer Society NET3.039
Jan  1 09:00:57 dreamcast kernel: Starting kswapd v1.8
Jan  1 09:00:57 dreamcast kernel: devfs: v0.102 (20000622) Richard Gooch (rgooch@atnf.csiro.au)
Jan  1 09:00:57 dreamcast kernel: devfs: boot_options: 0x0
Jan  1 09:00:57 dreamcast kernel: Console: switching to colour frame buffer device 80x30
Jan  1 09:00:57 dreamcast kernel: fb0: NEC PowerVR2 frame buffer device, using 600k/8192k of video memory
Jan  1 09:00:57 dreamcast kernel: fb0: Mode 640x240-32 pitch = 2560 cable: VGA video output: VGA
Jan  1 09:00:57 dreamcast kernel: pty: 256 Unix98 ptys configured
Jan  1 09:00:57 dreamcast kernel: SuperH SCI(F) driver initialized
Jan  1 09:00:57 dreamcast kernel: ttySC0 at 0xffe00000 is a SCI
Jan  1 09:00:57 dreamcast kernel: ttySC1 at 0xffe80000 is a SCIF
Jan  1 09:00:57 dreamcast kernel: maple: registered driver: Dreamcast controller (function 0x1)
Jan  1 09:00:57 dreamcast kernel: maple: registered driver: Dreamcast keyboard (function 0x40)
Jan  1 09:00:57 dreamcast kernel: maple: registered driver: Dreamcast mouse (function 0x200)
Jan  1 09:00:57 dreamcast kernel: Real Time Clock Driver v1.10d
Jan  1 09:00:57 dreamcast kernel: block: queued sectors max/low 9514kB/3171kB, 64 slots per queue
Jan  1 09:00:57 dreamcast kernel: RAMDISK driver initialized: 16 RAM disks of 4096K size 1024 blocksize
Jan  1 09:00:57 dreamcast kernel: loop: loaded (max 8 devices)
Jan  1 09:00:57 dreamcast kernel: 8139too Fast Ethernet driver 0.9.17
Jan  1 09:00:57 dreamcast kernel: PCI: enabling device 00:00.0 (0006 -> 0007)
Jan  1 09:00:57 dreamcast kernel: eth0: SEGA Broadband Adapter at 0xa1001700, 00:d0:f1:02:3a:6f, IRQ 83
Jan  1 09:00:57 dreamcast kernel: mice: PS/2 mouse device common for all mice
Jan  1 09:00:57 dreamcast kernel: SEGA Dreamcast MAPLE Bus drivers
Jan  1 09:00:57 dreamcast kernel: maple: registered driver: Dummy (function 0x0)
Jan  1 09:00:57 dreamcast kernel: NET4: Linux TCP/IP 1.0 for NET4.0
Jan  1 09:00:57 dreamcast kernel: IP Protocols: ICMP, UDP, TCP
Jan  1 09:00:57 dreamcast kernel: IP: routing cache hash table of 512 buckets, 4Kbytes
Jan  1 09:00:57 dreamcast kernel: TCP: Hash tables configured (established 1024 bind 2048)
Jan  1 09:00:57 dreamcast kernel: pci_alloc_consistent: 6144 bytes at 0x01840000
Jan  1 09:00:57 dreamcast kernel: pci_alloc_consistent: 18448 bytes at 0x01842000
Jan  1 09:00:57 dreamcast kernel: eth0: Setting 100mbps full-duplex based on auto-negotiated partner ability 45e1.
Jan  1 09:00:58 dreamcast kernel: maple(0,0): Connected(function 0x40)
Jan  1 09:00:58 dreamcast kernel: keybdev.c: Adding keyboard: input0
Jan  1 09:00:58 dreamcast kernel: input0: keyboard(0x1020080): Keyboard
Jan  1 09:00:58 dreamcast kernel: maple(1,0): Connected(function 0x200)
Jan  1 09:00:58 dreamcast kernel: mouse0: PS/2 mouse device for input1
Jan  1 09:00:58 dreamcast kernel: input1: mouse(0xe0700): Dreamcast Mouse
Jan  1 09:00:58 dreamcast kernel: maple(3,0): Connected(function 0x1)
Jan  1 09:00:58 dreamcast kernel: input2: controller(0x700fe): Racing Controller
Jan  1 09:00:58 dreamcast kernel: Sending DHCP requests ., OK
Jan  1 09:00:58 dreamcast kernel: IP-Config: Got DHCP answer from 192.168.0.254, my address is 192.168.0.248
Jan  1 09:00:58 dreamcast kernel: IP-Config: Complete:
Jan  1 09:00:58 dreamcast kernel:       device=eth0, addr=192.168.0.248, mask=255.255.255.0, gw=192.168.0.254,
Jan  1 09:00:58 dreamcast kernel:      host=192.168.0.248, domain=ta.keshi.org, nis-domain=(none),
Jan  1 09:00:58 dreamcast kernel:      bootserver=192.168.0.254, rootserver=192.168.0.254, rootpath=
Jan  1 09:00:58 dreamcast kernel: NET4: Unix domain sockets 1.0/SMP for Linux NET4.0.
Jan  1 09:00:58 dreamcast kernel: Looking up port of RPC 100003/2 on 192.168.0.254
Jan  1 09:00:58 dreamcast kernel: Looking up port of RPC 100005/2 on 192.168.0.254
Jan  1 09:00:58 dreamcast kernel: VFS: Mounted root (nfs filesystem).
Jan  1 09:00:58 dreamcast kernel: Mounted devfs on /dev
Jan  1 09:00:58 dreamcast kernel: Freeing unused kernel memory: 184k freed
Jan  1 09:00:53 dreamcast syslogd 1.4.1#2: restart.
Jan  1 09:00:55 dreamcast kernel: klogd 1.4.1#2, log source = /proc/kmsg started.
Jan  1 09:00:56 dreamcast kernel: Cannot find map file.
Jan  1 09:00:56 dreamcast kernel: No module symbols loaded.
Jan  1 09:00:56 dreamcast kernel: Linux version 2.4.5 (yaegashi@aragorn) (gcc version 3.1 20010501 (experimental)) #15 2001年 5月 29日 火曜日 01:43:03 JST
Jan  1 09:00:56 dreamcast kernel: SEGA Dreamcast support.
Jan  1 09:00:56 dreamcast kernel: On node 0 totalpages: 4096
Jan  1 09:00:56 dreamcast kernel: zone(0): 4096 pages.
Jan  1 09:00:56 dreamcast kernel: zone(1): 0 pages.
Jan  1 09:00:56 dreamcast kernel: zone(2): 0 pages.
Jan  1 09:00:56 dreamcast kernel: Kernel command line: mem=16M console=ttySC1,115200 console=tty0 ip=on debug
Jan  1 09:00:56 dreamcast kernel: CPU clock: 200.00MHz
Jan  1 09:00:56 dreamcast kernel: Bus clock: 100.00MHz
Jan  1 09:00:56 dreamcast kernel: Module clock: 50.00MHz
Jan  1 09:00:56 dreamcast kernel: Interval = 125000
Jan  1 09:00:56 dreamcast kernel: Console: colour dummy device 80x25
Jan  1 09:00:56 dreamcast kernel: Calibrating delay loop... 199.47 BogoMIPS
Jan  1 09:00:56 dreamcast kernel: Memory: 14520k/16384k available (1158k kernel code, 1864k reserved, 56k data, 184k init)
Jan  1 09:00:56 dreamcast kernel: Dentry-cache hash table entries: 2048 (order: 2, 16384 bytes)
Jan  1 09:00:56 dreamcast kernel: Inode-cache hash table entries: 1024 (order: 1, 8192 bytes)
Jan  1 09:00:56 dreamcast kernel: Buffer-cache hash table entries: 1024 (order: 0, 4096 bytes)
Jan  1 09:00:56 dreamcast kernel: Page-cache hash table entries: 4096 (order: 2, 16384 bytes)
Jan  1 09:00:56 dreamcast kernel: CPU: SH7750/SH7751
Jan  1 09:00:56 dreamcast kernel: POSIX conformance testing by UNIFIX
Jan  1 09:00:56 dreamcast kernel: PCI: MMIO fixup to Sega Corporation Broadband Adapter
Jan  1 09:00:56 dreamcast kernel: Linux NET4.0 for Linux 2.4
Jan  1 09:00:56 dreamcast kernel: Based upon Swansea University Computer Society NET3.039
Jan  1 09:00:56 dreamcast kernel: Starting kswapd v1.8
Jan  1 09:00:56 dreamcast kernel: devfs: v0.102 (20000622) Richard Gooch (rgooch@atnf.csiro.au)
Jan  1 09:00:56 dreamcast kernel: devfs: boot_options: 0x0
Jan  1 09:00:56 dreamcast kernel: Console: switching to colour frame buffer device 80x30
Jan  1 09:00:56 dreamcast kernel: fb0: NEC PowerVR2 frame buffer device, using 1200k/8192k of video memory
Jan  1 09:00:56 dreamcast kernel: fb0: Mode 640x480-32 pitch = 2560 cable: VGA video output: VGA
Jan  1 09:00:56 dreamcast kernel: pty: 256 Unix98 ptys configured
Jan  1 09:00:56 dreamcast kernel: SuperH SCI(F) driver initialized
Jan  1 09:00:56 dreamcast kernel: ttySC0 at 0xffe00000 is a SCI
Jan  1 09:00:56 dreamcast kernel: ttySC1 at 0xffe80000 is a SCIF
Jan  1 09:00:56 dreamcast kernel: maple: registered driver: Dreamcast controller (function 0x1)
Jan  1 09:00:56 dreamcast kernel: maple: registered driver: Dreamcast keyboard (function 0x40)
Jan  1 09:00:56 dreamcast kernel: maple: registered driver: Dreamcast mouse (function 0x200)
Jan  1 09:00:56 dreamcast kernel: Real Time Clock Driver v1.10d
Jan  1 09:00:56 dreamcast kernel: block: queued sectors max/low 9514kB/3171kB, 64 slots per queue
Jan  1 09:00:56 dreamcast kernel: RAMDISK driver initialized: 16 RAM disks of 4096K size 1024 blocksize
Jan  1 09:00:56 dreamcast kernel: loop: loaded (max 8 devices)
Jan  1 09:00:56 dreamcast kernel: 8139too Fast Ethernet driver 0.9.17
Jan  1 09:00:56 dreamcast kernel: PCI: enabling device 00:00.0 (0006 -> 0007)
Jan  1 09:00:56 dreamcast kernel: eth0: SEGA Broadband Adapter at 0xa1001700, 00:d0:f1:02:3a:6f, IRQ 83
Jan  1 09:00:56 dreamcast kernel: mice: PS/2 mouse device common for all mice
Jan  1 09:00:56 dreamcast kernel: SEGA Dreamcast MAPLE Bus drivers
Jan  1 09:00:56 dreamcast kernel: maple: registered driver: Dummy (function 0x0)
Jan  1 09:00:56 dreamcast kernel: NET4: Linux TCP/IP 1.0 for NET4.0
Jan  1 09:00:56 dreamcast kernel: IP Protocols: ICMP, UDP, TCP
Jan  1 09:00:56 dreamcast kernel: IP: routing cache hash table of 512 buckets, 4Kbytes
Jan  1 09:00:56 dreamcast kernel: TCP: Hash tables configured (established 1024 bind 2048)
Jan  1 09:00:56 dreamcast kernel: pci_alloc_consistent: 6144 bytes at 0x01840000
Jan  1 09:00:56 dreamcast kernel: pci_alloc_consistent: 18448 bytes at 0x01842000
Jan  1 09:00:56 dreamcast kernel: eth0: Setting 100mbps full-duplex based on auto-negotiated partner ability 45e1.
Jan  1 09:00:56 dreamcast kernel: maple(0,0): Connected(function 0x40)
Jan  1 09:00:56 dreamcast kernel: keybdev.c: Adding keyboard: input0
Jan  1 09:00:56 dreamcast kernel: input0: keyboard(0x1020080): Keyboard
Jan  1 09:00:56 dreamcast kernel: maple(1,0): Connected(function 0x200)
Jan  1 09:00:56 dreamcast kernel: mouse0: PS/2 mouse device for input1
Jan  1 09:00:56 dreamcast kernel: input1: mouse(0xe0700): Dreamcast Mouse
Jan  1 09:00:56 dreamcast kernel: maple(3,0): Connected(function 0x1)
Jan  1 09:00:56 dreamcast kernel: input2: controller(0x700fe): Racing Controller
Jan  1 09:00:56 dreamcast kernel: Sending DHCP requests ., OK
Jan  1 09:00:56 dreamcast kernel: IP-Config: Got DHCP answer from 192.168.0.254, my address is 192.168.0.248
Jan  1 09:00:56 dreamcast kernel: IP-Config: Complete:
Jan  1 09:00:56 dreamcast kernel:       device=eth0, addr=192.168.0.248, mask=255.255.255.0, gw=192.168.0.254,
Jan  1 09:00:56 dreamcast kernel:      host=192.168.0.248, domain=ta.keshi.org, nis-domain=(none),
Jan  1 09:00:56 dreamcast kernel:      bootserver=192.168.0.254, rootserver=192.168.0.254, rootpath=
Jan  1 09:00:56 dreamcast kernel: NET4: Unix domain sockets 1.0/SMP for Linux NET4.0.
Jan  1 09:00:56 dreamcast kernel: Looking up port of RPC 100003/2 on 192.168.0.254
Jan  1 09:00:56 dreamcast kernel: Looking up port of RPC 100005/2 on 192.168.0.254
Jan  1 09:00:56 dreamcast kernel: VFS: Mounted root (nfs filesystem).
Jan  1 09:00:56 dreamcast kernel: Mounted devfs on /dev
Jan  1 09:00:57 dreamcast kernel: Freeing unused kernel memory: 184k freed
Jan  1 09:20:53 dreamcast -- MARK --
Jan  1 09:00:56 dreamcast syslogd 1.4.1#2: restart.
Jan  1 09:00:59 dreamcast kernel: klogd 1.4.1#2, log source = /proc/kmsg started.
Jan  1 09:00:59 dreamcast kernel: Cannot find map file.
Jan  1 09:00:59 dreamcast kernel: No module symbols loaded.
Jan  1 09:00:59 dreamcast kernel: Linux version 2.4.5 (yaegashi@aragorn) (gcc version 3.1 20010501 (experimental)) #16 2001年 5月 29日 火曜日 02:05:00 JST
Jan  1 09:00:59 dreamcast kernel: SEGA Dreamcast support.
Jan  1 09:00:59 dreamcast kernel: On node 0 totalpages: 4096
Jan  1 09:00:59 dreamcast kernel: zone(0): 4096 pages.
Jan  1 09:00:59 dreamcast kernel: zone(1): 0 pages.
Jan  1 09:00:59 dreamcast kernel: zone(2): 0 pages.
Jan  1 09:00:59 dreamcast kernel: Kernel command line: mem=16M console=ttySC1,115200 console=tty0 ip=on debug
